Component: ARM Compiler 5.06 update 7 (build 960) Tool: armlink [4d3601]

==============================================================================

Section Cross References

    startup_stm32f407xx.o(STACK) refers (Special) to heapauxi.o(.text) for __use_two_region_memory
    startup_stm32f407xx.o(HEAP) refers (Special) to heapauxi.o(.text) for __use_two_region_memory
    startup_stm32f407xx.o(RESET) refers (Special) to heapauxi.o(.text) for __use_two_region_memory
    startup_stm32f407xx.o(RESET) refers to startup_stm32f407xx.o(STACK) for __initial_sp
    startup_stm32f407xx.o(RESET) refers to startup_stm32f407xx.o(.text) for Reset_Handler
    startup_stm32f407xx.o(RESET) refers to stm32f4xx_it.o(i.NMI_Handler) for NMI_Handler
    startup_stm32f407xx.o(RESET) refers to stm32f4xx_it.o(i.HardFault_Handler) for HardFault_Handler
    startup_stm32f407xx.o(RESET) refers to stm32f4xx_it.o(i.MemManage_Handler) for MemManage_Handler
    startup_stm32f407xx.o(RESET) refers to stm32f4xx_it.o(i.BusFault_Handler) for BusFault_Handler
    startup_stm32f407xx.o(RESET) refers to stm32f4xx_it.o(i.UsageFault_Handler) for UsageFault_Handler
    startup_stm32f407xx.o(RESET) refers to port.o(.emb_text) for SVC_Handler
    startup_stm32f407xx.o(RESET) refers to stm32f4xx_it.o(i.DebugMon_Handler) for DebugMon_Handler
    startup_stm32f407xx.o(RESET) refers to port.o(i.SysTick_Handler) for SysTick_Handler
    startup_stm32f407xx.o(RESET) refers to stm32f4xx_it.o(i.CAN1_TX_IRQHandler) for CAN1_TX_IRQHandler
    startup_stm32f407xx.o(RESET) refers to stm32f4xx_it.o(i.CAN1_RX0_IRQHandler) for CAN1_RX0_IRQHandler
    startup_stm32f407xx.o(RESET) refers to stm32f4xx_it.o(i.TIM8_TRG_COM_TIM14_IRQHandler) for TIM8_TRG_COM_TIM14_IRQHandler
    startup_stm32f407xx.o(RESET) refers to stm32f4xx_it.o(i.CAN2_TX_IRQHandler) for CAN2_TX_IRQHandler
    startup_stm32f407xx.o(RESET) refers to stm32f4xx_it.o(i.CAN2_RX1_IRQHandler) for CAN2_RX1_IRQHandler
    startup_stm32f407xx.o(RESET) refers to stm32f4xx_it.o(i.OTG_FS_IRQHandler) for OTG_FS_IRQHandler
    startup_stm32f407xx.o(.text) refers (Special) to heapauxi.o(.text) for __use_two_region_memory
    startup_stm32f407xx.o(.text) refers to system_stm32f4xx.o(i.SystemInit) for SystemInit
    startup_stm32f407xx.o(.text) refers to __main.o(!!!main) for __main
    startup_stm32f407xx.o(.text) refers to startup_stm32f407xx.o(HEAP) for Heap_Mem
    startup_stm32f407xx.o(.text) refers to startup_stm32f407xx.o(STACK) for Stack_Mem
    run.o(i.CDC_Recv_Cb) refers to rt_memcpy_v6.o(.text) for __aeabi_memcpy
    run.o(i.CDC_Recv_Cb) refers to task_init.o(.data) for ready
    run.o(i.CDC_Recv_Cb) refers to run.o(.data) for cur_recv_size
    run.o(i.CDC_Recv_Cb) refers to run.o(.bss) for arm_Rec_t
    run.o(i.HAL_CAN_RxFifo0MsgPendingCallback) refers to stm32f4xx_hal_can.o(i.HAL_CAN_GetRxMessage) for HAL_CAN_GetRxMessage
    run.o(i.HAL_CAN_RxFifo0MsgPendingCallback) refers to infrared_host.o(i.IR_Host_ProcessRxFrame) for IR_Host_ProcessRxFrame
    run.o(i.HAL_CAN_RxFifo0MsgPendingCallback) refers to candrive.o(i.CAN_Receive_DataFrame) for CAN_Receive_DataFrame
    run.o(i.HAL_CAN_RxFifo0MsgPendingCallback) refers to can.o(.bss) for hcan2
    run.o(i.HAL_CAN_RxFifo0MsgPendingCallback) refers to run.o(.data) for ID
    run.o(i.MotorRecTask) refers to tasks.o(i.xTaskGetTickCount) for xTaskGetTickCount
    run.o(i.MotorRecTask) refers to queue.o(i.xQueueGenericCreate) for xQueueGenericCreate
    run.o(i.MotorRecTask) refers to queue.o(i.xQueueSemaphoreTake) for xQueueSemaphoreTake
    run.o(i.MotorRecTask) refers to run.o(.data) for cdc_recv_semphr
    run.o(i.MotorSendTask) refers to tasks.o(i.xTaskGetTickCount) for xTaskGetTickCount
    run.o(i.MotorSendTask) refers to usb_trans.o(i.USB_CDC_Init) for USB_CDC_Init
    run.o(i.MotorSendTask) refers to usbd_cdc_if.o(i.CDC_Transmit_FS) for CDC_Transmit_FS
    run.o(i.MotorSendTask) refers to tasks.o(i.vTaskDelayUntil) for vTaskDelayUntil
    run.o(i.MotorSendTask) refers to run.o(i.CDC_Recv_Cb) for CDC_Recv_Cb
    run.o(i.MotorSendTask) refers to run.o(.bss) for arm_t
    run.o(i.Motor_Drive) refers to robstride2.o(i.RobStrideEnable) for RobStrideEnable
    run.o(i.Motor_Drive) refers to tasks.o(i.xTaskGetTickCount) for xTaskGetTickCount
    run.o(i.Motor_Drive) refers to run.o(i.rs03_PID_Init) for rs03_PID_Init
    run.o(i.Motor_Drive) refers to pid.o(i.PID_Control) for PID_Control
    run.o(i.Motor_Drive) refers to robstride2.o(i.RobStrideMotionControl) for RobStrideMotionControl
    run.o(i.Motor_Drive) refers to tasks.o(i.vTaskDelayUntil) for vTaskDelayUntil
    run.o(i.Motor_Drive) refers to run.o(.data) for rs03
    run.o(i.Motor_Drive) refers to run.o(.bss) for rs03_pos_pid
    run.o(i.rs03_PID_Init) refers to run.o(.bss) for rs03_pos_pid
    run.o(.data) refers to can.o(.bss) for hcan2
    task_init.o(i.Joint_FinInit) refers to task_init.o(i.Float_S) for Float_S
    task_init.o(i.Joint_FinInit) refers to f2d.o(x$fpl$f2d) for __aeabi_f2d
[...]
    I2C3_ER_IRQHandler                       0x08000343   Thumb Code     0  startup_stm32f407xx.o(.text)
    I2C3_EV_IRQHandler                       0x08000343   Thumb Code     0  startup_stm32f407xx.o(.text)
    OTG_FS_WKUP_IRQHandler                   0x08000343   Thumb Code     0  startup_stm32f407xx.o(.text)
    OTG_HS_EP1_IN_IRQHandler                 0x08000343   Thumb Code     0  startup_stm32f407xx.o(.text)
    OTG_HS_EP1_OUT_IRQHandler                0x08000343   Thumb Code     0  startup_stm32f407xx.o(.text)
    OTG_HS_IRQHandler                        0x08000343   Thumb Code     0  startup_stm32f407xx.o(.text)
    OTG_HS_WKUP_IRQHandler                   0x08000343   Thumb Code     0  startup_stm32f407xx.o(.text)
    PVD_IRQHandler                           0x08000343   Thumb Code     0  startup_stm32f407xx.o(.text)
    RCC_IRQHandler                           0x08000343   Thumb Code     0  startup_stm32f407xx.o(.text)
    RTC_Alarm_IRQHandler                     0x08000343   Thumb Code     0  startup_stm32f407xx.o(.text)
    RTC_WKUP_IRQHandler                      0x08000343   Thumb Code     0  startup_stm32f407xx.o(.text)
    SDIO_IRQHandler                          0x08000343   Thumb Code     0  startup_stm32f407xx.o(.text)
    SPI1_IRQHandler                          0x08000343   Thumb Code     0  startup_stm32f407xx.o(.text)
    SPI2_IRQHandler                          0x08000343   Thumb Code     0  startup_stm32f407xx.o(.text)
    SPI3_IRQHandler                          0x08000343   Thumb Code     0  startup_stm32f407xx.o(.text)
    TAMP_STAMP_IRQHandler                    0x08000343   Thumb Code     0  startup_stm32f407xx.o(.text)
    TIM1_BRK_TIM9_IRQHandler                 0x08000343   Thumb Code     0  startup_stm32f407xx.o(.text)
    TIM1_CC_IRQHandler                       0x08000343   Thumb Code     0  startup_stm32f407xx.o(.text)
    TIM1_TRG_COM_TIM11_IRQHandler            0x08000343   Thumb Code     0  startup_stm32f407xx.o(.text)
    TIM1_UP_TIM10_IRQHandler                 0x08000343   Thumb Code     0  startup_stm32f407xx.o(.text)
    TIM2_IRQHandler                          0x08000343   Thumb Code     0  startup_stm32f407xx.o(.text)
    TIM3_IRQHandler                          0x08000343   Thumb Code     0  startup_stm32f407xx.o(.text)
    TIM4_IRQHandler                          0x08000343   Thumb Code     0  startup_stm32f407xx.o(.text)
    TIM5_IRQHandler                          0x08000343   Thumb Code     0  startup_stm32f407xx.o(.text)
    TIM6_DAC_IRQHandler                      0x08000343   Thumb Code     0  startup_stm32f407xx.o(.text)
    TIM7_IRQHandler                          0x08000343   Thumb Code     0  startup_stm32f407xx.o(.text)
    TIM8_BRK_TIM12_IRQHandler                0x08000343   Thumb Code     0  startup_stm32f407xx.o(.text)
    TIM8_CC_IRQHandler                       0x08000343   Thumb Code     0  startup_stm32f407xx.o(.text)
    TIM8_UP_TIM13_IRQHandler                 0x08000343   Thumb Code     0  startup_stm32f407xx.o(.text)
    UART4_IRQHandler                         0x08000343   Thumb Code     0  startup_stm32f407xx.o(.text)
    UART5_IRQHandler                         0x08000343   Thumb Code     0  startup_stm32f407xx.o(.text)
    USART1_IRQHandler                        0x08000343   Thumb Code     0  startup_stm32f407xx.o(.text)
    USART2_IRQHandler                        0x08000343   Thumb Code     0  startup_stm32f407xx.o(.text)
    USART3_IRQHandler                        0x08000343   Thumb Code     0  startup_stm32f407xx.o(.text)
    USART6_IRQHandler                        0x08000343   Thumb Code     0  startup_stm32f407xx.o(.text)
    WWDG_IRQHandler                          0x08000343   Thumb Code     0  startup_stm32f407xx.o(.text)
    __user_initial_stackheap                 0x08000345   Thumb Code     0  startup_stm32f407xx.o(.text)
    __aeabi_uldivmod                         0x08000369   Thumb Code     0  lludivv7m.o(.text)
    _ll_udiv                                 0x08000369   Thumb Code   238  lludivv7m.o(.text)
    memcmp                                   0x08000457   Thumb Code    88  memcmp.o(.text)
    __aeabi_memcpy                           0x080004af   Thumb Code     0  rt_memcpy_v6.o(.text)
    __rt_memcpy                              0x080004af   Thumb Code   138  rt_memcpy_v6.o(.text)
    _memcpy_lastbytes                        0x08000515   Thumb Code     0  rt_memcpy_v6.o(.text)
    __aeabi_memcpy4                          0x08000539   Thumb Code     0  rt_memcpy_w.o(.text)
    __aeabi_memcpy8                          0x08000539   Thumb Code     0  rt_memcpy_w.o(.text)
    __rt_memcpy_w                            0x08000539   Thumb Code   100  rt_memcpy_w.o(.text)
    _memcpy_lastbytes_aligned                0x08000581   Thumb Code     0  rt_memcpy_w.o(.text)
    __aeabi_memclr4                          0x0800059d   Thumb Code     0  rt_memclr_w.o(.text)
    __aeabi_memclr8                          0x0800059d   Thumb Code     0  rt_memclr_w.o(.text)
    __rt_memclr_w                            0x0800059d   Thumb Code    78  rt_memclr_w.o(.text)
    _memset_w                                0x080005a1   Thumb Code     0  rt_memclr_w.o(.text)
    __use_two_region_memory                  0x080005eb   Thumb Code     2  heapauxi.o(.text)
    __rt_heap_escrow$2region                 0x080005ed   Thumb Code     2  heapauxi.o(.text)
    __rt_heap_expand$2region                 0x080005ef   Thumb Code     2  heapauxi.o(.text)
    __user_setup_stackheap                   0x080005f1   Thumb Code    74  sys_stackheap_outer.o(.text)
    exit                                     0x0800063b   Thumb Code    18  exit.o(.text)
    __user_libspace                          0x0800064d   Thumb Code     8  libspace.o(.text)
    __user_perproc_libspace                  0x0800064d   Thumb Code     0  libspace.o(.text)
    __user_perthread_libspace                0x0800064d   Thumb Code     0  libspace.o(.text)
    _sys_exit                                0x08000655   Thumb Code     8  sys_exit.o(.text)
    __I$use$semihosting                      0x08000661   Thumb Code     0  use_no_semi.o(.text)
    __use_no_semihosting_swi                 0x08000661   Thumb Code     2  use_no_semi.o(.text)
    BusFault_Handler                         0x08000663   Thumb Code     4  stm32f4xx_it.o(i.BusFault_Handler)
    __semihosting_library_function           0x08000663   Thumb Code     0  indicate_semi.o(.text)
    CAN1_RX0_IRQHandler                      0x08000669   Thumb Code    10  stm32f4xx_it.o(i.CAN1_RX0_IRQHandler)
    CAN1_TX_IRQHandler                       0x08000679   Thumb Code    10  stm32f4xx_it.o(i.CAN1_TX_IRQHandler)
    CAN2_RX1_IRQHandler                      0x08000689   Thumb Code    10  stm32f4xx_it.o(i.CAN2_RX1_IRQHandler)
    CAN2_TX_IRQHandler                       0x08000699   Thumb Code    10  stm32f4xx_it.o(i.CAN2_TX_IRQHandler)
    CAN_Receive_DataFrame                    0x080006a9   Thumb Code    56  candrive.o(i.CAN_Receive_DataFrame)
    CDC_RecvCplt_Handler                     0x08000765   Thumb Code    42  usb_trans.o(i.CDC_RecvCplt_Handler)
    CanFilter_Init                           0x080007a5   Thumb Code    74  candrive.o(i.CanFilter_Init)
    DebugMon_Handler                         0x080007f9   Thumb Code     2  stm32f4xx_it.o(i.DebugMon_Handler)
    Error_Handler                            0x080007fd   Thumb Code    24  main.o(i.Error_Handler)
    HAL_CAN_ActivateNotification             0x08000851   Thumb Code    42  stm32f4xx_hal_can.o(i.HAL_CAN_ActivateNotification)
    HAL_CAN_AddTxMessage                     0x0800087b   Thumb Code   330  stm32f4xx_hal_can.o(i.HAL_CAN_AddTxMessage)
    HAL_CAN_ConfigFilter                     0x080009c5   Thumb Code   284  stm32f4xx_hal_can.o(i.HAL_CAN_ConfigFilter)
    HAL_CAN_ErrorCallback                    0x08000ae5   Thumb Code     2  stm32f4xx_hal_can.o(i.HAL_CAN_ErrorCallback)
    HAL_CAN_GetRxMessage                     0x08000ae7   Thumb Code   404  stm32f4xx_hal_can.o(i.HAL_CAN_GetRxMessage)
    HAL_CAN_IRQHandler                       0x08000c7b   Thumb Code   590  stm32f4xx_hal_can.o(i.HAL_CAN_IRQHandler)
    HAL_CAN_Init                             0x08000ec9   Thumb Code   372  stm32f4xx_hal_can.o(i.HAL_CAN_Init)
    HAL_CAN_MspInit                          0x0800103d   Thumb Code   362  can.o(i.HAL_CAN_MspInit)
    HAL_CAN_RxFifo0FullCallback              0x080011bd   Thumb Code     2  stm32f4xx_hal_can.o(i.HAL_CAN_RxFifo0FullCallback)
    HAL_CAN_RxFifo0MsgPendingCallback        0x080011c1   Thumb Code    64  run.o(i.HAL_CAN_RxFifo0MsgPendingCallback)
    HAL_CAN_RxFifo1FullCallback              0x08001211   Thumb Code     2  stm32f4xx_hal_can.o(i.HAL_CAN_RxFifo1FullCallback)
    HAL_CAN_RxFifo1MsgPendingCallback        0x08001213   Thumb Code     2  stm32f4xx_hal_can.o(i.HAL_CAN_RxFifo1MsgPendingCallback)
    HAL_CAN_SleepCallback                    0x08001215   Thumb Code     2  stm32f4xx_hal_can.o(i.HAL_CAN_SleepCallback)
    HAL_CAN_Start                            0x08001217   Thumb Code    94  stm32f4xx_hal_can.o(i.HAL_CAN_Start)
    HAL_CAN_TxMailbox0AbortCallback          0x08001275   Thumb Code     2  stm32f4xx_hal_can.o(i.HAL_CAN_TxMailbox0AbortCallback)
    HAL_CAN_TxMailbox0CompleteCallback       0x08001277   Thumb Code     2  stm32f4xx_hal_can.o(i.HAL_CAN_TxMailbox0CompleteCallback)
    HAL_CAN_TxMailbox1AbortCallback          0x08001279   Thumb Code     2  stm32f4xx_hal_can.o(i.HAL_CAN_TxMailbox1AbortCallback)
    HAL_CAN_TxMailbox1CompleteCallback       0x0800127b   Thumb Code     2  stm32f4xx_hal_can.o(i.HAL_CAN_TxMailbox1CompleteCallback)
    HAL_CAN_TxMailbox2AbortCallback          0x0800127d   Thumb Code     2  stm32f4xx_hal_can.o(i.HAL_CAN_TxMailbox2AbortCallback)
    HAL_CAN_TxMailbox2CompleteCallback       0x0800127f   Thumb Code     2  stm32f4xx_hal_can.o(i.HAL_CAN_TxMailbox2CompleteCallback)
    HAL_CAN_WakeUpFromRxMsgCallback          0x08001281   Thumb Code     2  stm32f4xx_hal_can.o(i.HAL_CAN_WakeUpFromRxMsgCallback)
    HAL_Delay                                0x08001285   Thumb Code    36  stm32f4xx_hal.o(i.HAL_Delay)
    HAL_GPIO_Init                            0x080012ad   Thumb Code   454  stm32f4xx_hal_gpio.o(i.HAL_GPIO_Init)
    HAL_GetTick                              0x080014a1   Thumb Code     6  stm32f4xx_hal.o(i.HAL_GetTick)
    HAL_IncTick                              0x080014ad   Thumb Code    16  stm32f4xx_hal.o(i.HAL_IncTick)
    HAL_Init                                 0x080014c5   Thumb Code    54  stm32f4xx_hal.o(i.HAL_Init)
    HAL_InitTick                             0x08001501   Thumb Code   160  stm32f4xx_hal_timebase_tim.o(i.HAL_InitTick)
    HAL_MspInit                              0x080015b5   Thumb Code    78  stm32f4xx_hal_msp.o(i.HAL_MspInit)
    HAL_NVIC_EnableIRQ                       0x08001609   Thumb Code    40  stm32f4xx_hal_cortex.o(i.HAL_NVIC_EnableIRQ)
    HAL_NVIC_SetPriority                     0x08001631   Thumb Code   124  stm32f4xx_hal_cortex.o(i.HAL_NVIC_SetPriority)
    HAL_NVIC_SetPriorityGrouping             0x080016ad   Thumb Code    32  stm32f4xx_hal_cortex.o(i.HAL_NVIC_SetPriorityGrouping)
    HAL_PCDEx_LPM_Callback                   0x080016d5   Thumb Code     2  stm32f4xx_hal_pcd_ex.o(i.HAL_PCDEx_LPM_Callback)
    HAL_PCDEx_SetRxFiFo                      0x080016d7   Thumb Code    10  stm32f4xx_hal_pcd_ex.o(i.HAL_PCDEx_SetRxFiFo)
    HAL_PCDEx_SetTxFiFo                      0x080016e1   Thumb Code    78  stm32f4xx_hal_pcd_ex.o(i.HAL_PCDEx_SetTxFiFo)
    HAL_PCD_ConnectCallback                  0x0800172f   Thumb Code    14  usbd_conf.o(i.HAL_PCD_ConnectCallback)
    HAL_PCD_DataInStageCallback              0x0800173d   Thumb Code    32  usbd_conf.o(i.HAL_PCD_DataInStageCallback)
    HAL_PCD_DataOutStageCallback             0x0800175d   Thumb Code    32  usbd_conf.o(i.HAL_PCD_DataOutStageCallback)
    HAL_PCD_DisconnectCallback               0x0800177d   Thumb Code    14  usbd_conf.o(i.HAL_PCD_DisconnectCallback)
    HAL_PCD_EP_Abort                         0x0800178b   Thumb Code    66  stm32f4xx_hal_pcd.o(i.HAL_PCD_EP_Abort)
    HAL_PCD_EP_Close                         0x080017cd   Thumb Code   106  stm32f4xx_hal_pcd.o(i.HAL_PCD_EP_Close)
    HAL_PCD_EP_ClrStall                      0x08001837   Thumb Code   124  stm32f4xx_hal_pcd.o(i.HAL_PCD_EP_ClrStall)
    HAL_PCD_EP_GetRxCount                    0x080018b3   Thumb Code    22  stm32f4xx_hal_pcd.o(i.HAL_PCD_EP_GetRxCount)
    HAL_PCD_EP_Open                          0x080018c9   Thumb Code   142  stm32f4xx_hal_pcd.o(i.HAL_PCD_EP_Open)
    HAL_PCD_EP_Receive                       0x08001957   Thumb Code    70  stm32f4xx_hal_pcd.o(i.HAL_PCD_EP_Receive)
    HAL_PCD_EP_SetStall                      0x0800199d   Thumb Code   138  stm32f4xx_hal_pcd.o(i.HAL_PCD_EP_SetStall)
    HAL_PCD_EP_Transmit                      0x08001a27   Thumb Code    72  stm32f4xx_hal_pcd.o(i.HAL_PCD_EP_Transmit)
    HAL_PCD_IRQHandler                       0x08001a6f   Thumb Code  1738  stm32f4xx_hal_pcd.o(i.HAL_PCD_IRQHandler)
    HAL_PCD_ISOINIncompleteCallback          0x08002139   Thumb Code    18  usbd_conf.o(i.HAL_PCD_ISOINIncompleteCallback)
    HAL_PCD_ISOOUTIncompleteCallback         0x0800214b   Thumb Code    18  usbd_conf.o(i.HAL_PCD_ISOOUTIncompleteCallback)
    HAL_PCD_Init                             0x0800215d   Thumb Code   350  stm32f4xx_hal_pcd.o(i.HAL_PCD_Init)
    HAL_PCD_MspInit                          0x080022bd   Thumb Code   160  usbd_conf.o(i.HAL_PCD_MspInit)
    HAL_PCD_ResetCallback                    0x08002365   Thumb Code    48  usbd_conf.o(i.HAL_PCD_ResetCallback)
    HAL_PCD_ResumeCallback                   0x08002395   Thumb Code    14  usbd_conf.o(i.HAL_PCD_ResumeCallback)
    HAL_PCD_SOFCallback                      0x080023a3   Thumb Code    14  usbd_conf.o(i.HAL_PCD_SOFCallback)
    HAL_PCD_SetAddress                       0x080023b1   Thumb Code    52  stm32f4xx_hal_pcd.o(i.HAL_PCD_SetAddress)
    HAL_PCD_SetupStageCallback               0x080023e5   Thumb Code    18  usbd_conf.o(i.HAL_PCD_SetupStageCallback)
    HAL_PCD_Start                            0x080023f7   Thumb Code    76  stm32f4xx_hal_pcd.o(i.HAL_PCD_Start)
    HAL_PCD_SuspendCallback                  0x08002445   Thumb Code    46  usbd_conf.o(i.HAL_PCD_SuspendCallback)
    HAL_RCC_ClockConfig                      0x08002479   Thumb Code   368  stm32f4xx_hal_rcc.o(i.HAL_RCC_ClockConfig)
    HAL_RCC_GetClockConfig                   0x080025fd   Thumb Code    58  stm32f4xx_hal_rcc.o(i.HAL_RCC_GetClockConfig)
    HAL_RCC_GetHCLKFreq                      0x08002641   Thumb Code     6  stm32f4xx_hal_rcc.o(i.HAL_RCC_GetHCLKFreq)
    HAL_RCC_GetPCLK1Freq                     0x0800264d   Thumb Code    22  stm32f4xx_hal_rcc.o(i.HAL_RCC_GetPCLK1Freq)
    HAL_RCC_GetSysClockFreq                  0x0800266d   Thumb Code   162  stm32f4xx_hal_rcc.o(i.HAL_RCC_GetSysClockFreq)
    HAL_RCC_OscConfig                        0x0800271d   Thumb Code  1172  stm32f4xx_hal_rcc.o(i.HAL_RCC_OscConfig)
    HAL_TIMEx_BreakCallback                  0x08002bb9   Thumb Code     2  stm32f4xx_hal_tim_ex.o(i.HAL_TIMEx_BreakCallback)
    HAL_TIMEx_CommutCallback                 0x08002bbb   Thumb Code     2  stm32f4xx_hal_tim_ex.o(i.HAL_TIMEx_CommutCallback)
    HAL_TIM_Base_Init                        0x08002bbd   Thumb Code   102  stm32f4xx_hal_tim.o(i.HAL_TIM_Base_Init)
    HAL_TIM_Base_MspInit                     0x08002c23   Thumb Code     2  stm32f4xx_hal_tim.o(i.HAL_TIM_Base_MspInit)
    HAL_TIM_Base_Start_IT                    0x08002c25   Thumb Code   138  stm32f4xx_hal_tim.o(i.HAL_TIM_Base_Start_IT)
    HAL_TIM_IC_CaptureCallback               0x08002ccd   Thumb Code     2  stm32f4xx_hal_tim.o(i.HAL_TIM_IC_CaptureCallback)
    HAL_TIM_IRQHandler                       0x08002ccf   Thumb Code   364  stm32f4xx_hal_tim.o(i.HAL_TIM_IRQHandler)
    HAL_TIM_OC_DelayElapsedCallback          0x08002e3b   Thumb Code     2  stm32f4xx_hal_tim.o(i.HAL_TIM_OC_DelayElapsedCallback)
    HAL_TIM_PWM_PulseFinishedCallback        0x08002e3d   Thumb Code     2  stm32f4xx_hal_tim.o(i.HAL_TIM_PWM_PulseFinishedCallback)
    HAL_TIM_PeriodElapsedCallback            0x08002e41   Thumb Code    18  main.o(i.HAL_TIM_PeriodElapsedCallback)
    HAL_TIM_TriggerCallback                  0x08002e59   Thumb Code     2  stm32f4xx_hal_tim.o(i.HAL_TIM_TriggerCallback)
    HardFault_Handler                        0x08002e5b   Thumb Code     4  stm32f4xx_it.o(i.HardFault_Handler)
    IR_Host_AddModule                        0x08002e61   Thumb Code   186  infrared_host.o(i.IR_Host_AddModule)
    IR_Host_ConfigCanFilter                  0x08002f21   Thumb Code    46  infrared_host.o(i.IR_Host_ConfigCanFilter)
    IR_Host_FindModule                       0x08002fed   Thumb Code    80  infrared_host.o(i.IR_Host_FindModule)
    IR_Host_ForceRediscover                  0x08003041   Thumb Code    78  infrared_host.o(i.IR_Host_ForceRediscover)
    IR_Host_GetModuleByIndex                 0x08003095   Thumb Code    74  infrared_host.o(i.IR_Host_GetModuleByIndex)
    IR_Host_GetModuleCount                   0x080030e5   Thumb Code     6  infrared_host.o(i.IR_Host_GetModuleCount)
    IR_Host_GetOnlineCount                   0x080030f1   Thumb Code    60  infrared_host.o(i.IR_Host_GetOnlineCount)
    IR_Host_GetTaskState                     0x08003131   Thumb Code     6  infrared_host.o(i.IR_Host_GetTaskState)
    IR_Host_Handle                           0x0800313d   Thumb Code   120  infrared_host.o(i.IR_Host_Handle)
    IR_Host_Init                             0x080031b5   Thumb Code    76  infrared_host.o(i.IR_Host_Init)
    IR_Host_Ping                             0x08003205   Thumb Code   148  infrared_host.o(i.IR_Host_Ping)
    IR_Host_ProcessRxFrame                   0x0800335d   Thumb Code   118  infrared_host.o(i.IR_Host_ProcessRxFrame)
    IR_Host_ReadStatus                       0x080034f5   Thumb Code   138  infrared_host.o(i.IR_Host_ReadStatus)
    IR_Host_Receive_DataFrame_Ocan           0x08003581   Thumb Code    76  infrared_host.o(i.IR_Host_Receive_DataFrame_Ocan)
    IR_Host_SendCommand                      0x080035d1   Thumb Code   176  infrared_host.o(i.IR_Host_SendCommand)
    IR_Host_StartCan                         0x08003685   Thumb Code    22  infrared_host.o(i.IR_Host_StartCan)
    IR_Host_StartTask                        0x080036a1   Thumb Code    32  infrared_host.o(i.IR_Host_StartTask)
    IR_Host_Task                             0x080036d5   Thumb Code   430  infrared_host.o(i.IR_Host_Task)
    IR_Test_StartTask                        0x080038f9   Thumb Code    30  infrared_host.o(i.IR_Test_StartTask)
    IR_Test_Task                             0x08003931   Thumb Code   360  infrared_host.o(i.IR_Test_Task)
    MX_CAN1_Init                             0x08003ae1   Thumb Code    58  can.o(i.MX_CAN1_Init)
    MX_CAN2_Init                             0x08003b25   Thumb Code    58  can.o(i.MX_CAN2_Init)
    MX_FREERTOS_Init                         0x08003b69   Thumb Code    30  freertos.o(i.MX_FREERTOS_Init)
    MX_GPIO_Init                             0x08003b91   Thumb Code    96  gpio.o(i.MX_GPIO_Init)
    MX_USB_DEVICE_Init                       0x08003bf5   Thumb Code    60  usb_device.o(i.MX_USB_DEVICE_Init)
    MemManage_Handler                        0x08003c41   Thumb Code     4  stm32f4xx_it.o(i.MemManage_Handler)
    NMI_Handler                              0x08003c45   Thumb Code     4  stm32f4xx_it.o(i.NMI_Handler)
    OTG_FS_IRQHandler                        0x08003c49   Thumb Code    10  stm32f4xx_it.o(i.OTG_FS_IRQHandler)
    RobStrideEnable                          0x08003eb7   Thumb Code    36  robstride2.o(i.RobStrideEnable)
    RobStrideInit                            0x08003edb   Thumb Code    14  robstride2.o(i.RobStrideInit)
    RobStrideSend                            0x08003ee9   Thumb Code    50  robstride2.o(i.RobStrideSend)
    RobStrideSetMode                         0x08003f1b   Thumb Code    54  robstride2.o(i.RobStrideSetMode)
    StartDefaultTask                         0x08003f63   Thumb Code    18  freertos.o(i.StartDefaultTask)
    SysTick_Handler                          0x08003f75   Thumb Code    46  port.o(i.SysTick_Handler)
    SystemClock_Config                       0x08003fa9   Thumb Code   172  main.o(i.SystemClock_Config)
    SystemInit                               0x0800405d   Thumb Code    14  system_stm32f4xx.o(i.SystemInit)
    TIM8_TRG_COM_TIM14_IRQHandler            0x08004071   Thumb Code    10  stm32f4xx_it.o(i.TIM8_TRG_COM_TIM14_IRQHandler)
    TIM_Base_SetConfig                       0x08004081   Thumb Code   178  stm32f4xx_hal_tim.o(i.TIM_Base_SetConfig)
    Task_Init                                0x08004161   Thumb Code   102  task_init.o(i.Task_Init)
    USBD_CDC_GetDeviceQualifierDescriptor    0x08004401   Thumb Code    10  usbd_cdc.o(i.USBD_CDC_GetDeviceQualifierDescriptor)
    USBD_CDC_RegisterInterface               0x08004681   Thumb Code    24  usbd_cdc.o(i.USBD_CDC_RegisterInterface)
    USBD_CDC_SetRxBuffer                     0x08004699   Thumb Code    30  usbd_cdc.o(i.USBD_CDC_SetRxBuffer)
    USBD_CDC_SetTxBuffer                     0x080046b7   Thumb Code    36  usbd_cdc.o(i.USBD_CDC_SetTxBuffer)
    USBD_ClrClassConfig                      0x0800481b   Thumb Code    28  usbd_core.o(i.USBD_ClrClassConfig)
    USBD_CoreFindEP                          0x08004875   Thumb Code     6  usbd_core.o(i.USBD_CoreFindEP)
    USBD_CoreFindIF                          0x0800487b   Thumb Code     6  usbd_core.o(i.USBD_CoreFindIF)
    USBD_CtlContinueRx                       0x08004881   Thumb Code    24  usbd_ioreq.o(i.USBD_CtlContinueRx)
    USBD_CtlContinueSendData                 0x08004899   Thumb Code    24  usbd_ioreq.o(i.USBD_CtlContinueSendData)
    USBD_CtlError                            0x080048b1   Thumb Code    24  usbd_ctlreq.o(i.USBD_CtlError)
    USBD_CtlPrepareRx                        0x080048c9   Thumb Code    46  usbd_ioreq.o(i.USBD_CtlPrepareRx)
    USBD_CtlReceiveStatus                    0x080048f7   Thumb Code    26  usbd_ioreq.o(i.USBD_CtlReceiveStatus)
    USBD_CtlSendData                         0x08004911   Thumb Code    36  usbd_ioreq.o(i.USBD_CtlSendData)
    USBD_CtlSendStatus                       0x08004935   Thumb Code    26  usbd_ioreq.o(i.USBD_CtlSendStatus)
    USBD_FS_ConfigStrDescriptor              0x08004951   Thumb Code    34  usbd_desc.o(i.USBD_FS_ConfigStrDescriptor)
    USBD_FS_DeviceDescriptor                 0x08004985   Thumb Code    10  usbd_desc.o(i.USBD_FS_DeviceDescriptor)
    USBD_FS_InterfaceStrDescriptor           0x08004995   Thumb Code    34  usbd_desc.o(i.USBD_FS_InterfaceStrDescriptor)
    USBD_FS_LangIDStrDescriptor              0x080049cd   Thumb Code    10  usbd_desc.o(i.USBD_FS_LangIDStrDescriptor)
    USBD_FS_ManufacturerStrDescriptor        0x080049dd   Thumb Code    20  usbd_desc.o(i.USBD_FS_ManufacturerStrDescriptor)
    USBD_FS_ProductStrDescriptor             0x08004a09   Thumb Code    34  usbd_desc.o(i.USBD_FS_ProductStrDescriptor)
    USBD_FS_SerialStrDescriptor              0x08004a49   Thumb Code    18  usbd_desc.o(i.USBD_FS_SerialStrDescriptor)
    USBD_GetEpDesc                           0x08004cb3   Thumb Code    80  usbd_core.o(i.USBD_GetEpDesc)
    USBD_GetNextDesc                         0x08004d19   Thumb Code    20  usbd_core.o(i.USBD_GetNextDesc)
    USBD_GetString                           0x08004d87   Thumb Code   104  usbd_ctlreq.o(i.USBD_GetString)
    USBD_Get_USB_Status                      0x08004def   Thumb Code    44  usbd_conf.o(i.USBD_Get_USB_Status)
    USBD_Init                                0x08004e1b   Thumb Code    58  usbd_core.o(i.USBD_Init)
    USBD_LL_ClearStallEP                     0x08004e55   Thumb Code    38  usbd_conf.o(i.USBD_LL_ClearStallEP)
    USBD_LL_CloseEP                          0x08004e7b   Thumb Code    38  usbd_conf.o(i.USBD_LL_CloseEP)
    USBD_LL_DataInStage                      0x08004ea1   Thumb Code   272  usbd_core.o(i.USBD_LL_DataInStage)
    USBD_LL_DataOutStage                     0x08004fb1   Thumb Code   266  usbd_core.o(i.USBD_LL_DataOutStage)
    USBD_LL_DevConnected                     0x080050bb   Thumb Code     6  usbd_core.o(i.USBD_LL_DevConnected)
    USBD_LL_DevDisconnected                  0x080050c1   Thumb Code    38  usbd_core.o(i.USBD_LL_DevDisconnected)
    USBD_LL_GetRxDataSize                    0x080050e7   Thumb Code    18  usbd_conf.o(i.USBD_LL_GetRxDataSize)
    USBD_LL_Init                             0x080050f9   Thumb Code   100  usbd_conf.o(i.USBD_LL_Init)
    USBD_LL_IsStallEP                        0x08005161   Thumb Code    56  usbd_conf.o(i.USBD_LL_IsStallEP)
    USBD_LL_IsoINIncomplete                  0x08005199   Thumb Code    72  usbd_core.o(i.USBD_LL_IsoINIncomplete)
    USBD_LL_IsoOUTIncomplete                 0x080051e1   Thumb Code    72  usbd_core.o(i.USBD_LL_IsoOUTIncomplete)
    USBD_LL_OpenEP                           0x08005229   Thumb Code    48  usbd_conf.o(i.USBD_LL_OpenEP)
    USBD_LL_PrepareReceive                   0x08005259   Thumb Code    48  usbd_conf.o(i.USBD_LL_PrepareReceive)
    USBD_LL_Reset                            0x08005289   Thumb Code   110  usbd_core.o(i.USBD_LL_Reset)
    USBD_LL_Resume                           0x080052f7   Thumb Code    22  usbd_core.o(i.USBD_LL_Resume)
    USBD_LL_SOF                              0x0800530d   Thumb Code    40  usbd_core.o(i.USBD_LL_SOF)
    USBD_LL_SetSpeed                         0x08005335   Thumb Code     8  usbd_core.o(i.USBD_LL_SetSpeed)
    USBD_LL_SetUSBAddress                    0x0800533d   Thumb Code    38  usbd_conf.o(i.USBD_LL_SetUSBAddress)
    USBD_LL_SetupStage                       0x08005363   Thumb Code   118  usbd_core.o(i.USBD_LL_SetupStage)
    USBD_LL_StallEP                          0x080053d9   Thumb Code    38  usbd_conf.o(i.USBD_LL_StallEP)
    USBD_LL_Start                            0x080053ff   Thumb Code    30  usbd_conf.o(i.USBD_LL_Start)
    USBD_LL_Suspend                          0x0800541d   Thumb Code    28  usbd_core.o(i.USBD_LL_Suspend)
    USBD_LL_Transmit                         0x08005439   Thumb Code    48  usbd_conf.o(i.USBD_LL_Transmit)
    USBD_ParseSetupRequest                   0x08005469   Thumb Code    54  usbd_ctlreq.o(i.USBD_ParseSetupRequest)
    USBD_RegisterClass                       0x0800549f   Thumb Code    72  usbd_core.o(i.USBD_RegisterClass)
    USBD_RunTestMode                         0x080054e7   Thumb Code     6  usbd_core.o(i.USBD_RunTestMode)
    USBD_SetClassConfig                      0x08005547   Thumb Code    32  usbd_core.o(i.USBD_SetClassConfig)
    USBD_Start                               0x080056a5   Thumb Code    12  usbd_core.o(i.USBD_Start)
    USBD_StdDevReq                           0x080056b1   Thumb Code   174  usbd_ctlreq.o(i.USBD_StdDevReq)
    USBD_StdEPReq                            0x0800575f   Thumb Code   644  usbd_ctlreq.o(i.USBD_StdEPReq)
    USBD_StdItfReq                           0x080059e3   Thumb Code   174  usbd_ctlreq.o(i.USBD_StdItfReq)
    USBD_static_free                         0x08005a91   Thumb Code     2  usbd_conf.o(i.USBD_static_free)
    USBD_static_malloc                       0x08005a95   Thumb Code     6  usbd_conf.o(i.USBD_static_malloc)
    USB_ActivateEndpoint                     0x08005aa1   Thumb Code   202  stm32f4xx_ll_usb.o(i.USB_ActivateEndpoint)
    USB_ActivateSetup                        0x08005b71   Thumb Code    40  stm32f4xx_ll_usb.o(i.USB_ActivateSetup)
    USB_CoreInit                             0x08005b99   Thumb Code   136  stm32f4xx_ll_usb.o(i.USB_CoreInit)
    USB_DeactivateEndpoint                   0x08005c89   Thumb Code   318  stm32f4xx_ll_usb.o(i.USB_DeactivateEndpoint)
    USB_DevConnect                           0x08005dd5   Thumb Code    36  stm32f4xx_ll_usb.o(i.USB_DevConnect)
    USB_DevDisconnect                        0x08005df9   Thumb Code    36  stm32f4xx_ll_usb.o(i.USB_DevDisconnect)
    USB_DevInit                              0x08005e1d   Thumb Code   480  stm32f4xx_ll_usb.o(i.USB_DevInit)
    USB_DisableGlobalInt                     0x08006005   Thumb Code    14  stm32f4xx_ll_usb.o(i.USB_DisableGlobalInt)
    USB_EP0_OutStart                         0x08006015   Thumb Code   106  stm32f4xx_ll_usb.o(i.USB_EP0_OutStart)
    USB_EPClearStall                         0x08006085   Thumb Code   142  stm32f4xx_ll_usb.o(i.USB_EPClearStall)
    USB_EPSetStall                           0x08006113   Thumb Code   154  stm32f4xx_ll_usb.o(i.USB_EPSetStall)
    USB_EPStartXfer                          0x080061ad   Thumb Code   954  stm32f4xx_ll_usb.o(i.USB_EPStartXfer)
    USB_EPStopXfer                           0x0800656d   Thumb Code   236  stm32f4xx_ll_usb.o(i.USB_EPStopXfer)
    USB_EnableGlobalInt                      0x08006659   Thumb Code    14  stm32f4xx_ll_usb.o(i.USB_EnableGlobalInt)
    USB_FlushRxFifo                          0x08006667   Thumb Code    80  stm32f4xx_ll_usb.o(i.USB_FlushRxFifo)
    USB_FlushTxFifo                          0x080066b7   Thumb Code    84  stm32f4xx_ll_usb.o(i.USB_FlushTxFifo)
    USB_GetDevSpeed                          0x0800670b   Thumb Code    38  stm32f4xx_ll_usb.o(i.USB_GetDevSpeed)
    USB_GetMode                              0x08006731   Thumb Code    10  stm32f4xx_ll_usb.o(i.USB_GetMode)
    USB_ReadDevAllInEpInterrupt              0x0800673b   Thumb Code    20  stm32f4xx_ll_usb.o(i.USB_ReadDevAllInEpInterrupt)
    USB_ReadDevAllOutEpInterrupt             0x0800674f   Thumb Code    20  stm32f4xx_ll_usb.o(i.USB_ReadDevAllOutEpInterrupt)
    USB_ReadDevInEPInterrupt                 0x08006763   Thumb Code    50  stm32f4xx_ll_usb.o(i.USB_ReadDevInEPInterrupt)
    USB_ReadDevOutEPInterrupt                0x08006795   Thumb Code    26  stm32f4xx_ll_usb.o(i.USB_ReadDevOutEPInterrupt)
    USB_ReadInterrupts                       0x080067af   Thumb Code    10  stm32f4xx_ll_usb.o(i.USB_ReadInterrupts)
    USB_ReadPacket                           0x080067b9   Thumb Code    96  stm32f4xx_ll_usb.o(i.USB_ReadPacket)
    USB_SetCurrentMode                       0x08006819   Thumb Code   104  stm32f4xx_ll_usb.o(i.USB_SetCurrentMode)
    USB_SetDevAddress                        0x08006881   Thumb Code    42  stm32f4xx_ll_usb.o(i.USB_SetDevAddress)
    USB_SetDevSpeed                          0x080068ab   Thumb Code    18  stm32f4xx_ll_usb.o(i.USB_SetDevSpeed)
    USB_SetTurnaroundTime                    0x080068bd   Thumb Code   192  stm32f4xx_ll_usb.o(i.USB_SetTurnaroundTime)
    USB_WritePacket                          0x080069a5   Thumb Code    68  stm32f4xx_ll_usb.o(i.USB_WritePacket)
    UsageFault_Handler                       0x080069e9   Thumb Code     4  stm32f4xx_it.o(i.UsageFault_Handler)
    main                                     0x08006a25   Thumb Code    46  main.o(i.main)
    osDelay                                  0x08006a61   Thumb Code    24  cmsis_os.o(i.osDelay)
    osKernelStart                            0x08006a79   Thumb Code    10  cmsis_os.o(i.osKernelStart)
    osThreadCreate                           0x08006a83   Thumb Code    94  cmsis_os.o(i.osThreadCreate)
    pvPortMalloc                             0x08007119   Thumb Code   306  heap_4.o(i.pvPortMalloc)
    pvTaskIncrementMutexHeldCount            0x08007265   Thumb Code    26  tasks.o(i.pvTaskIncrementMutexHeldCount)
    pxPortInitialiseStack                    0x08007285   Thumb Code    38  port.o(i.pxPortInitialiseStack)
    uxListRemove                             0x080072b1   Thumb Code    40  list.o(i.uxListRemove)
    vApplicationGetIdleTaskMemory            0x080072d9   Thumb Code    14  freertos.o(i.vApplicationGetIdleTaskMemory)
    vListInitialise                          0x080072f1   Thumb Code    26  list.o(i.vListInitialise)
    vListInitialiseItem                      0x0800730b   Thumb Code     6  list.o(i.vListInitialiseItem)
    vListInsert                              0x08007311   Thumb Code    52  list.o(i.vListInsert)
    vListInsertEnd                           0x08007345   Thumb Code    24  list.o(i.vListInsertEnd)
    vPortEnterCritical                       0x0800735d   Thumb Code    76  port.o(i.vPortEnterCritical)
    vPortExitCritical                        0x080073b1   Thumb Code    56  port.o(i.vPortExitCritical)
    vPortFree                                0x080073ed   Thumb Code   150  heap_4.o(i.vPortFree)
    vPortSetupTimerInterrupt                 0x08007491   Thumb Code    36  port.o(i.vPortSetupTimerInterrupt)
    vPortValidateInterruptPriority           0x080074b9   Thumb Code   106  port.o(i.vPortValidateInterruptPriority)
    vTaskDelay                               0x08007531   Thumb Code    82  tasks.o(i.vTaskDelay)
    vTaskInternalSetTimeOutState             0x0800758d   Thumb Code    14  tasks.o(i.vTaskInternalSetTimeOutState)
    vTaskMissedYield                         0x080075a5   Thumb Code     8  tasks.o(i.vTaskMissedYield)
    vTaskPlaceOnEventList                    0x080075b1   Thumb Code    52  tasks.o(i.vTaskPlaceOnEventList)
    vTaskPriorityDisinheritAfterTimeout      0x080075e9   Thumb Code   216  tasks.o(i.vTaskPriorityDisinheritAfterTimeout)
    vTaskStartScheduler                      0x080076cd   Thumb Code   146  tasks.o(i.vTaskStartScheduler)
    vTaskSuspendAll                          0x0800777d   Thumb Code    12  tasks.o(i.vTaskSuspendAll)
    vTaskSwitchContext                       0x0800778d   Thumb Code   118  tasks.o(i.vTaskSwitchContext)
    xPortStartScheduler                      0x08007819   Thumb Code   330  port.o(i.xPortStartScheduler)
    xQueueCreateMutex                        0x08007981   Thumb Code    34  queue.o(i.xQueueCreateMutex)
    xQueueGenericCreate                      0x080079a3   Thumb Code    90  queue.o(i.xQueueGenericCreate)
    xQueueGenericReset                       0x080079fd   Thumb Code   146  queue.o(i.xQueueGenericReset)
    xQueueGenericSend                        0x08007a95   Thumb Code   420  queue.o(i.xQueueGenericSend)
    xQueueGenericSendFromISR                 0x08007c3d   Thumb Code   252  queue.o(i.xQueueGenericSendFromISR)
    xQueueReceive                            0x08007d39   Thumb Code   356  queue.o(i.xQueueReceive)
    xQueueSemaphoreTake                      0x08007ea1   Thumb Code   434  queue.o(i.xQueueSemaphoreTake)
    xTaskCheckForTimeOut                     0x08008059   Thumb Code   132  tasks.o(i.xTaskCheckForTimeOut)
    xTaskCreate                              0x080080e5   Thumb Code   100  tasks.o(i.xTaskCreate)
    xTaskCreateStatic                        0x08008149   Thumb Code   186  tasks.o(i.xTaskCreateStatic)
    xTaskGetSchedulerState                   0x08008205   Thumb Code    24  tasks.o(i.xTaskGetSchedulerState)
    xTaskGetTickCount                        0x08008225   Thumb Code     6  tasks.o(i.xTaskGetTickCount)
    xTaskGetTickCountFromISR                 0x08008231   Thumb Code    16  tasks.o(i.xTaskGetTickCountFromISR)
    xTaskIncrementTick                       0x08008245   Thumb Code   282  tasks.o(i.xTaskIncrementTick)
    xTaskPriorityDisinherit                  0x0800838d   Thumb Code   188  tasks.o(i.xTaskPriorityDisinherit)
    xTaskPriorityInherit                     0x08008455   Thumb Code   172  tasks.o(i.xTaskPriorityInherit)
    xTaskRemoveFromEventList                 0x0800850d   Thumb Code   128  tasks.o(i.xTaskRemoveFromEventList)
    xTaskResumeAll                           0x080085a5   Thumb Code   224  tasks.o(i.xTaskResumeAll)
    _fp_init                                 0x080086a9   Thumb Code    10  fpinit.o(x$fpl$fpinit)
    __fplib_config_fpu_vfp                   0x080086b1   Thumb Code     0  fpinit.o(x$fpl$fpinit)
    __fplib_config_pureend_doubles           0x080086b1   Thumb Code     0  fpinit.o(x$fpl$fpinit)
    AHBPrescTable                            0x080086d0   Data          16  system_stm32f4xx.o(.constdata)
    APBPrescTable                            0x080086e0   Data           8  system_stm32f4xx.o(.constdata)
    Region$$Table$$Base                      0x080086f4   Number         0  anon$$obj.o(Region$$Table)
    Region$$Table$$Limit                     0x08008714   Number         0  anon$$obj.o(Region$$Table)
    can_buf                                  0x20000000   Data           8  run.o(.data)
    enable_Joint                             0x20000008   Data           5  run.o(.data)
    Motor_Drive_Handle                       0x20000010   Data           4  run.o(.data)
    rs03                                     0x20000018   Data         104  run.o(.data)
    rs03_torque                              0x20000080   Data           4  run.o(.data)
    rs03_rad                                 0x20000084   Data           4  run.o(.data)
    rs03_omega                               0x20000088   Data           4  run.o(.data)
    rs03_kp                                  0x2000008c   Data           4  run.o(.data)
    rs03_kd                                  0x20000090   Data           4  run.o(.data)
    MotorSendTask_Handle                     0x20000094   Data           4  run.o(.data)
    cdc_recv_semphr                          0x20000098   Data           4  run.o(.data)
    cur_recv_size                            0x2000009c   Data           2  run.o(.data)
    count                                    0x2000009e   Data           1  run.o(.data)
    MotorRecTask_Handle                      0x200000a0   Data           4  run.o(.data)
    buf                                      0x200000a4   Data           8  run.o(.data)
    ID                                       0x200000ac   Data           2  run.o(.data)
    kUsbRecvQueue                            0x200000b0   Data           4  usb_trans.o(.data)
    kUsbRecvSemphr                           0x200000b4   Data           4  usb_trans.o(.data)
    kUsbRecvTaskHandle                       0x200000b8   Data           4  usb_trans.o(.data)
    buffer_index                             0x200000c8   Data           4  usb_trans.o(.data)
    current_cdc_pack_size                    0x200000cc   Data           4  usb_trans.o(.data)
    error_handler_count                      0x200000dc   Data           4  main.o(.data)
    error_source                             0x200000e0   Data           1  main.o(.data)
    defaultTaskHandle                        0x200000e4   Data           4  freertos.o(.data)
    FS_Desc                                  0x200000ec   Data          28  usbd_desc.o(.data)
    USBD_FS_DeviceDesc                       0x20000108   Data          18  usbd_desc.o(.data)
    USBD_LangIDDesc                          0x2000011c   Data           4  usbd_desc.o(.data)
    USBD_StringSerial                        0x20000120   Data          26  usbd_desc.o(.data)
    USBD_Interface_fops_FS                   0x2000013c   Data          20  usbd_cdc_if.o(.data)
    uwTick                                   0x20000150   Data           4  stm32f4xx_hal.o(.data)
    uwTickPrio                               0x20000154   Data           4  stm32f4xx_hal.o(.data)
    uwTickFreq                               0x20000158   Data           1  stm32f4xx_hal.o(.data)
    SystemCoreClock                          0x2000015c   Data           4  system_stm32f4xx.o(.data)
    pxCurrentTCB                             0x20000160   Data           4  tasks.o(.data)
    USBD_CDC                                 0x200001d8   Data          56  usbd_cdc.o(.data)
    ir_host_context                          0x20000258   Data          28  infrared_host.o(.bss)
    ir_debug                                 0x20000274   Data         112  infrared_host.o(.bss)
    hcan1                                    0x20000538   Data          40  can.o(.bss)
    hcan2                                    0x20000560   Data          40  can.o(.bss)
    htim14                                   0x20000588   Data          72  stm32f4xx_hal_timebase_tim.o(.bss)
    hUsbDeviceFS                             0x200005d0   Data         732  usb_device.o(.bss)
    USBD_StrDesc                             0x200008ac   Data         512  usbd_desc.o(.bss)
    UserRxBufferFS                           0x20000aac   Data        2048  usbd_cdc_if.o(.bss)
    UserTxBufferFS                           0x200012ac   Data        2048  usbd_cdc_if.o(.bss)
    hpcd_USB_OTG_FS                          0x20001aac   Data        1252  usbd_conf.o(.bss)
    __libspace_start                         0x20005ea0   Data          96  libspace.o(.bss)
    __temporary_stack_top$libspace           0x20005f00   Data           0  libspace.o(.bss)



==============================================================================

Memory Map of the image

  Image Entry point : 0x08000189

  Load Region LR_IROM1 (Base: 0x08000000, Size: 0x0000896c, Max: 0x00080000, ABSOLUTE, COMPRESSED[0x000087f0])

    Execution Region ER_IROM1 (Exec base: 0x08000000, Load base: 0x08000000, Size: 0x00008714, Max: 0x00080000, ABSOLUTE)

    Exec Addr    Load Addr    Size         Type   Attr      Idx    E Section Name        Object

    0x08000000   0x08000000   0x00000188   Data   RO            3    RESET               startup_stm32f407xx.o
    0x08000188   0x08000188   0x00000008   Code   RO         6485  * !!!main             c_w.l(__main.o)
    0x08000190   0x08000190   0x00000034   Code   RO         6677    !!!scatter          c_w.l(__scatter.o)
    0x080001c4   0x080001c4   0x0000005a   Code   RO         6675    !!dczerorl2         c_w.l(__dczerorl2.o)
    0x0800021e   0x0800021e   0x00000002   PAD
    0x08000220   0x08000220   0x0000001c   Code   RO         6679    !!handler_zi        c_w.l(__scatter_zi.o)
    0x0800023c   0x0800023c   0x00000002   Code   RO         6543    .ARM.Collect$$libinit$$00000000  c_w.l(libinit.o)
    0x0800023e   0x0800023e   0x00000004   Code   RO         6555    .ARM.Collect$$libinit$$00000001  c_w.l(libinit2.o)
    0x08000242   0x08000242   0x00000000   Code   RO         6558    .ARM.Collect$$libinit$$00000004  c_w.l(libinit2.o)
    0x08000242   0x08000242   0x00000000   Code   RO         6561    .ARM.Collect$$libinit$$0000000A  c_w.l(libinit2.o)
    0x08000242   0x08000242   0x00000000   Code   RO         6563    .ARM.Collect$$libinit$$0000000C  c_w.l(libinit2.o)
    0x08000242   0x08000242   0x00000000   Code   RO         6565    .ARM.Collect$$libinit$$0000000E  c_w.l(libinit2.o)
    0x08000242   0x08000242   0x00000000   Code   RO         6568    .ARM.Collect$$libinit$$00000011  c_w.l(libinit2.o)
    0x08000242   0x08000242   0x00000000   Code   RO         6570    .ARM.Collect$$libinit$$00000013  c_w.l(libinit2.o)
    0x08000242   0x08000242   0x00000000   Code   RO         6572    .ARM.Collect$$libinit$$00000015  c_w.l(libinit2.o)
    0x08000242   0x08000242   0x00000000   Code   RO         6574    .ARM.Collect$$libinit$$00000017  c_w.l(libinit2.o)
    0x08000242   0x08000242   0x00000000   Code   RO         6576    .ARM.Collect$$libinit$$00000019  c_w.l(libinit2.o)
    0x08000242   0x08000242   0x00000000   Code   RO         6578    .ARM.Collect$$libinit$$0000001B  c_w.l(libinit2.o)
    0x08000242   0x08000242   0x00000000   Code   RO         6580    .ARM.Collect$$libinit$$0000001D  c_w.l(libinit2.o)
    0x08000242   0x08000242   0x00000000   Code   RO         6582    .ARM.Collect$$libinit$$0000001F  c_w.l(libinit2.o)
    0x08000242   0x08000242   0x00000000   Code   RO         6584    .ARM.Collect$$libinit$$00000021  c_w.l(libinit2.o)
    0x08000242   0x08000242   0x00000000   Code   RO         6586    .ARM.Collect$$libinit$$00000023  c_w.l(libinit2.o)
    0x08000242   0x08000242   0x00000000   Code   RO         6588    .ARM.Collect$$libinit$$00000025  c_w.l(libinit2.o)
    0x08000242   0x08000242   0x00000000   Code   RO         6592    .ARM.Collect$$libinit$$0000002C  c_w.l(libinit2.o)
    0x08000242   0x08000242   0x00000000   Code   RO         6594    .ARM.Collect$$libinit$$0000002E  c_w.l(libinit2.o)
    0x08000242   0x08000242   0x00000000   Code   RO         6596    .ARM.Collect$$libinit$$00000030  c_w.l(libinit2.o)
    0x08000242   0x08000242   0x00000000   Code   RO         6598    .ARM.Collect$$libinit$$00000032  c_w.l(libinit2.o)
    0x08000242   0x08000242   0x00000002   Code   RO         6599    .ARM.Collect$$libinit$$00000033  c_w.l(libinit2.o)
    0x08000244   0x08000244   0x00000002   Code   RO         6630    .ARM.Collect$$libshutdown$$00000000  c_w.l(libshutdown.o)
    0x08000246   0x08000246   0x00000000   Code   RO         6656    .ARM.Collect$$libshutdown$$00000002  c_w.l(libshutdown2.o)
    0x08000246   0x08000246   0x00000000   Code   RO         6658    .ARM.Collect$$libshutdown$$00000004  c_w.l(libshutdown2.o)
    0x08000246   0x08000246   0x00000000   Code   RO         6660    .ARM.Collect$$libshutdown$$00000006  c_w.l(libshutdown2.o)
    0x08000246   0x08000246   0x00000000   Code   RO         6663    .ARM.Collect$$libshutdown$$00000009  c_w.l(libshutdown2.o)
    0x08000246   0x08000246   0x00000000   Code   RO         6666    .ARM.Collect$$libshutdown$$0000000C  c_w.l(libshutdown2.o)
    0x08000246   0x08000246   0x00000000   Code   RO         6668    .ARM.Collect$$libshutdown$$0000000E  c_w.l(libshutdown2.o)
    0x08000246   0x08000246   0x00000000   Code   RO         6671    .ARM.Collect$$libshutdown$$00000011  c_w.l(libshutdown2.o)
    0x08000246   0x08000246   0x00000002   Code   RO         6672    .ARM.Collect$$libshutdown$$00000012  c_w.l(libshutdown2.o)
    0x08000248   0x08000248   0x00000000   Code   RO         6497    .ARM.Collect$$rtentry$$00000000  c_w.l(__rtentry.o)
    0x08000248   0x08000248   0x00000000   Code   RO         6514    .ARM.Collect$$rtentry$$00000002  c_w.l(__rtentry2.o)
    0x08000248   0x08000248   0x00000006   Code   RO         6526    .ARM.Collect$$rtentry$$00000004  c_w.l(__rtentry4.o)
    0x0800024e   0x0800024e   0x00000000   Code   RO         6516    .ARM.Collect$$rtentry$$00000009  c_w.l(__rtentry2.o)
    0x0800024e   0x0800024e   0x00000004   Code   RO         6517    .ARM.Collect$$rtentry$$0000000A  c_w.l(__rtentry2.o)
    0x08000252   0x08000252   0x00000000   Code   RO         6519    .ARM.Collect$$rtentry$$0000000C  c_w.l(__rtentry2.o)
    0x08000252   0x08000252   0x00000008   Code   RO         6520    .ARM.Collect$$rtentry$$0000000D  c_w.l(__rtentry2.o)
    0x0800025a   0x0800025a   0x00000002   Code   RO         6547    .ARM.Collect$$rtexit$$00000000  c_w.l(rtexit.o)
    0x0800025c   0x0800025c   0x00000000   Code   RO         6603    .ARM.Collect$$rtexit$$00000002  c_w.l(rtexit2.o)
    0x0800025c   0x0800025c   0x00000004   Code   RO         6604    .ARM.Collect$$rtexit$$00000003  c_w.l(rtexit2.o)
    0x08000260   0x08000260   0x00000006   Code   RO         6605    .ARM.Collect$$rtexit$$00000004  c_w.l(rtexit2.o)
    0x08000266   0x08000266   0x00000002   PAD
    0x08000268   0x08000268   0x000000be   Code   RO         5962    .emb_text           port.o
    0x08000326   0x08000326   0x00000002   PAD
    0x08000328   0x08000328   0x00000040   Code   RO            4    .text               startup_stm32f407xx.o
    0x08000368   0x08000368   0x000000ee   Code   RO         6471    .text               c_w.l(lludivv7m.o)
    0x08000456   0x08000456   0x00000058   Code   RO         6473    .text               c_w.l(memcmp.o)
    0x080004ae   0x080004ae   0x0000008a   Code   RO         6475    .text               c_w.l(rt_memcpy_v6.o)
    0x08000538   0x08000538   0x00000064   Code   RO         6477    .text               c_w.l(rt_memcpy_w.o)
    0x0800059c   0x0800059c   0x0000004e   Code   RO         6481    .text               c_w.l(rt_memclr_w.o)
    0x080005ea   0x080005ea   0x00000006   Code   RO         6483    .text               c_w.l(heapauxi.o)
    0x080005f0   0x080005f0   0x0000004a   Code   RO         6530    .text               c_w.l(sys_stackheap_outer.o)
    0x0800063a   0x0800063a   0x00000012   Code   RO         6532    .text               c_w.l(exit.o)
    0x0800064c   0x0800064c   0x00000008   Code   RO         6544    .text               c_w.l(libspace.o)
    0x08000654   0x08000654   0x0000000c   Code   RO         6600    .text               c_w.l(sys_exit.o)
    0x08000660   0x08000660   0x00000002   Code   RO         6619    .text               c_w.l(use_no_semi.o)
    0x08000662   0x08000662   0x00000000   Code   RO         6621    .text               c_w.l(indicate_semi.o)
    0x08000662   0x08000662   0x00000004   Code   RO         1128    i.BusFault_Handler  stm32f4xx_it.o
    0x08000666   0x08000666   0x00000002   PAD
    0x08000668   0x08000668   0x00000010   Code   RO         1129    i.CAN1_RX0_IRQHandler  stm32f4xx_it.o
    0x08000678   0x08000678   0x00000010   Code   RO         1130    i.CAN1_TX_IRQHandler  stm32f4xx_it.o
    0x08000688   0x08000688   0x00000010   Code   RO         1131    i.CAN2_RX1_IRQHandler  stm32f4xx_it.o
    0x08000698   0x08000698   0x00000010   Code   RO         1132    i.CAN2_TX_IRQHandler  stm32f4xx_it.o
    0x080006a8   0x080006a8   0x0000003c   Code   RO          369    i.CAN_Receive_DataFrame  candrive.o
    0x080006e4   0x080006e4   0x00000044   Code   RO         1406    i.CDC_Control_FS    usbd_cdc_if.o
    0x08000728   0x08000728   0x00000004   Code   RO         1407    i.CDC_DeInit_FS     usbd_cdc_if.o
    0x0800072c   0x0800072c   0x00000024   Code   RO         1408    i.CDC_Init_FS       usbd_cdc_if.o
    0x08000750   0x08000750   0x00000012   Code   RO         1409    i.CDC_Receive_FS    usbd_cdc_if.o
    0x08000762   0x08000762   0x00000002   PAD
    0x08000764   0x08000764   0x00000034   Code   RO          687    i.CDC_RecvCplt_Handler  usb_trans.o
    0x08000798   0x08000798   0x0000000c   Code   RO         1410    i.CDC_TransmitCplt_FS  usbd_cdc_if.o
    0x080007a4   0x080007a4   0x00000054   Code   RO          371    i.CanFilter_Init    candrive.o
    0x080007f8   0x080007f8   0x00000002   Code   RO         1133    i.DebugMon_Handler  stm32f4xx_it.o
    0x080007fa   0x080007fa   0x00000002   PAD
    0x080007fc   0x080007fc   0x00000020   Code   RO          955    i.Error_Handler     main.o
    0x0800081c   0x0800081c   0x00000034   Code   RO         1316    i.Get_SerialNum     usbd_desc.o
    0x08000850   0x08000850   0x0000002a   Code   RO         4457    i.HAL_CAN_ActivateNotification  stm32f4xx_hal_can.o
    0x0800087a   0x0800087a   0x0000014a   Code   RO         4458    i.HAL_CAN_AddTxMessage  stm32f4xx_hal_can.o
    0x080009c4   0x080009c4   0x00000120   Code   RO         4459    i.HAL_CAN_ConfigFilter  stm32f4xx_hal_can.o
    0x08000ae4   0x08000ae4   0x00000002   Code   RO         4462    i.HAL_CAN_ErrorCallback  stm32f4xx_hal_can.o
    0x08000ae6   0x08000ae6   0x00000194   Code   RO         4465    i.HAL_CAN_GetRxMessage  stm32f4xx_hal_can.o
    0x08000c7a   0x08000c7a   0x0000024e   Code   RO         4469    i.HAL_CAN_IRQHandler  stm32f4xx_hal_can.o
    0x08000ec8   0x08000ec8   0x00000174   Code   RO         4470    i.HAL_CAN_Init      stm32f4xx_hal_can.o
    0x0800103c   0x0800103c   0x00000180   Code   RO         1080    i.HAL_CAN_MspInit   can.o
    0x080011bc   0x080011bc   0x00000002   Code   RO         4477    i.HAL_CAN_RxFifo0FullCallback  stm32f4xx_hal_can.o
    0x080011be   0x080011be   0x00000002   PAD
    0x080011c0   0x080011c0   0x00000050   Code   RO           14    i.HAL_CAN_RxFifo0MsgPendingCallback  run.o
    0x08001210   0x08001210   0x00000002   Code   RO         4479    i.HAL_CAN_RxFifo1FullCallback  stm32f4xx_hal_can.o
    0x08001212   0x08001212   0x00000002   Code   RO         4480    i.HAL_CAN_RxFifo1MsgPendingCallback  stm32f4xx_hal_can.o
    0x08001214   0x08001214   0x00000002   Code   RO         4481    i.HAL_CAN_SleepCallback  stm32f4xx_hal_can.o
    0x08001216   0x08001216   0x0000005e   Code   RO         4482    i.HAL_CAN_Start     stm32f4xx_hal_can.o
    0x08001274   0x08001274   0x00000002   Code   RO         4484    i.HAL_CAN_TxMailbox0AbortCallback  stm32f4xx_hal_can.o
    0x08001276   0x08001276   0x00000002   Code   RO         4485    i.HAL_CAN_TxMailbox0CompleteCallback  stm32f4xx_hal_can.o
    0x08001278   0x08001278   0x00000002   Code   RO         4486    i.HAL_CAN_TxMailbox1AbortCallback  stm32f4xx_hal_can.o
    0x0800127a   0x0800127a   0x00000002   Code   RO         4487    i.HAL_CAN_TxMailbox1CompleteCallback  stm32f4xx_hal_can.o
    0x0800127c   0x0800127c   0x00000002   Code   RO         4488    i.HAL_CAN_TxMailbox2AbortCallback  stm32f4xx_hal_can.o
    0x0800127e   0x0800127e   0x00000002   Code   RO         4489    i.HAL_CAN_TxMailbox2CompleteCallback  stm32f4xx_hal_can.o
    0x08001280   0x08001280   0x00000002   Code   RO         4491    i.HAL_CAN_WakeUpFromRxMsgCallback  stm32f4xx_hal_can.o
    0x08001282   0x08001282   0x00000002   PAD
    0x08001284   0x08001284   0x00000028   Code   RO         4205    i.HAL_Delay         stm32f4xx_hal.o
    0x080012ac   0x080012ac   0x000001f4   Code   RO         3656    i.HAL_GPIO_Init     stm32f4xx_hal_gpio.o
    0x080014a0   0x080014a0   0x0000000c   Code   RO         4211    i.HAL_GetTick       stm32f4xx_hal.o
    0x080014ac   0x080014ac   0x00000018   Code   RO         4217    i.HAL_IncTick       stm32f4xx_hal.o
    0x080014c4   0x080014c4   0x0000003c   Code   RO         4218    i.HAL_Init          stm32f4xx_hal.o
    0x08001500   0x08001500   0x000000b4   Code   RO         1246    i.HAL_InitTick      stm32f4xx_hal_timebase_tim.o
    0x080015b4   0x080015b4   0x00000054   Code   RO         1222    i.HAL_MspInit       stm32f4xx_hal_msp.o
    0x08001608   0x08001608   0x00000028   Code   RO         4048    i.HAL_NVIC_EnableIRQ  stm32f4xx_hal_cortex.o
    0x08001630   0x08001630   0x0000007c   Code   RO         4054    i.HAL_NVIC_SetPriority  stm32f4xx_hal_cortex.o
    0x080016ac   0x080016ac   0x00000028   Code   RO         4055    i.HAL_NVIC_SetPriorityGrouping  stm32f4xx_hal_cortex.o
    0x080016d4   0x080016d4   0x00000002   Code   RO         2904    i.HAL_PCDEx_LPM_Callback  stm32f4xx_hal_pcd_ex.o
    0x080016d6   0x080016d6   0x0000000a   Code   RO         2905    i.HAL_PCDEx_SetRxFiFo  stm32f4xx_hal_pcd_ex.o
    0x080016e0   0x080016e0   0x0000004e   Code   RO         2906    i.HAL_PCDEx_SetTxFiFo  stm32f4xx_hal_pcd_ex.o
    0x0800172e   0x0800172e   0x0000000e   Code   RO         1469    i.HAL_PCD_ConnectCallback  usbd_conf.o
    0x0800173c   0x0800173c   0x00000020   Code   RO         1470    i.HAL_PCD_DataInStageCallback  usbd_conf.o
    0x0800175c   0x0800175c   0x00000020   Code   RO         1471    i.HAL_PCD_DataOutStageCallback  usbd_conf.o
    0x0800177c   0x0800177c   0x0000000e   Code   RO         1472    i.HAL_PCD_DisconnectCallback  usbd_conf.o
    0x0800178a   0x0800178a   0x00000042   Code   RO         2669    i.HAL_PCD_EP_Abort  stm32f4xx_hal_pcd.o
    0x080017cc   0x080017cc   0x0000006a   Code   RO         2670    i.HAL_PCD_EP_Close  stm32f4xx_hal_pcd.o
    0x08001836   0x08001836   0x0000007c   Code   RO         2671    i.HAL_PCD_EP_ClrStall  stm32f4xx_hal_pcd.o
    0x080018b2   0x080018b2   0x00000016   Code   RO         2673    i.HAL_PCD_EP_GetRxCount  stm32f4xx_hal_pcd.o
    0x080018c8   0x080018c8   0x0000008e   Code   RO         2674    i.HAL_PCD_EP_Open   stm32f4xx_hal_pcd.o
    0x08001956   0x08001956   0x00000046   Code   RO         2675    i.HAL_PCD_EP_Receive  stm32f4xx_hal_pcd.o
    0x0800199c   0x0800199c   0x0000008a   Code   RO         2676    i.HAL_PCD_EP_SetStall  stm32f4xx_hal_pcd.o
    0x08001a26   0x08001a26   0x00000048   Code   RO         2677    i.HAL_PCD_EP_Transmit  stm32f4xx_hal_pcd.o
    0x08001a6e   0x08001a6e   0x000006ca   Code   RO         2679    i.HAL_PCD_IRQHandler  stm32f4xx_hal_pcd.o
    0x08002138   0x08002138   0x00000012   Code   RO         1473    i.HAL_PCD_ISOINIncompleteCallback  usbd_conf.o
    0x0800214a   0x0800214a   0x00000012   Code   RO         1474    i.HAL_PCD_ISOOUTIncompleteCallback  usbd_conf.o
    0x0800215c   0x0800215c   0x0000015e   Code   RO         2682    i.HAL_PCD_Init      stm32f4xx_hal_pcd.o
    0x080022ba   0x080022ba   0x00000002   PAD
    0x080022bc   0x080022bc   0x000000a8   Code   RO         1476    i.HAL_PCD_MspInit   usbd_conf.o
    0x08002364   0x08002364   0x00000030   Code   RO         1477    i.HAL_PCD_ResetCallback  usbd_conf.o
    0x08002394   0x08002394   0x0000000e   Code   RO         1478    i.HAL_PCD_ResumeCallback  usbd_conf.o
    0x080023a2   0x080023a2   0x0000000e   Code   RO         1479    i.HAL_PCD_SOFCallback  usbd_conf.o
    0x080023b0   0x080023b0   0x00000034   Code   RO         2688    i.HAL_PCD_SetAddress  stm32f4xx_hal_pcd.o
    0x080023e4   0x080023e4   0x00000012   Code   RO         1480    i.HAL_PCD_SetupStageCallback  usbd_conf.o
    0x080023f6   0x080023f6   0x0000004c   Code   RO         2691    i.HAL_PCD_Start     stm32f4xx_hal_pcd.o
    0x08002442   0x08002442   0x00000002   PAD
    0x08002444   0x08002444   0x00000034   Code   RO         1481    i.HAL_PCD_SuspendCallback  usbd_conf.o
    0x08002478   0x08002478   0x00000184   Code   RO         3257    i.HAL_RCC_ClockConfig  stm32f4xx_hal_rcc.o
    0x080025fc   0x080025fc   0x00000044   Code   RO         3261    i.HAL_RCC_GetClockConfig  stm32f4xx_hal_rcc.o
    0x08002640   0x08002640   0x0000000c   Code   RO         3262    i.HAL_RCC_GetHCLKFreq  stm32f4xx_hal_rcc.o
    0x0800264c   0x0800264c   0x00000020   Code   RO         3264    i.HAL_RCC_GetPCLK1Freq  stm32f4xx_hal_rcc.o
    0x0800266c   0x0800266c   0x000000b0   Code   RO         3266    i.HAL_RCC_GetSysClockFreq  stm32f4xx_hal_rcc.o
    0x0800271c   0x0800271c   0x0000049c   Code   RO         3269    i.HAL_RCC_OscConfig  stm32f4xx_hal_rcc.o
    0x08002bb8   0x08002bb8   0x00000002   Code   RO         2393    i.HAL_TIMEx_BreakCallback  stm32f4xx_hal_tim_ex.o
    0x08002bba   0x08002bba   0x00000002   Code   RO         2394    i.HAL_TIMEx_CommutCallback  stm32f4xx_hal_tim_ex.o
    0x08002bbc   0x08002bbc   0x00000066   Code   RO         1678    i.HAL_TIM_Base_Init  stm32f4xx_hal_tim.o
    0x08002c22   0x08002c22   0x00000002   Code   RO         1680    i.HAL_TIM_Base_MspInit  stm32f4xx_hal_tim.o
    0x08002c24   0x08002c24   0x000000a8   Code   RO         1683    i.HAL_TIM_Base_Start_IT  stm32f4xx_hal_tim.o
    0x08002ccc   0x08002ccc   0x00000002   Code   RO         1712    i.HAL_TIM_IC_CaptureCallback  stm32f4xx_hal_tim.o
    0x08002cce   0x08002cce   0x0000016c   Code   RO         1726    i.HAL_TIM_IRQHandler  stm32f4xx_hal_tim.o
    0x08002e3a   0x08002e3a   0x00000002   Code   RO         1729    i.HAL_TIM_OC_DelayElapsedCallback  stm32f4xx_hal_tim.o
    0x08002e3c   0x08002e3c   0x00000002   Code   RO         1756    i.HAL_TIM_PWM_PulseFinishedCallback  stm32f4xx_hal_tim.o
    0x08002e3e   0x08002e3e   0x00000002   PAD
    0x08002e40   0x08002e40   0x00000018   Code   RO          956    i.HAL_TIM_PeriodElapsedCallback  main.o
    0x08002e58   0x08002e58   0x00000002   Code   RO         1769    i.HAL_TIM_TriggerCallback  stm32f4xx_hal_tim.o
    0x08002e5a   0x08002e5a   0x00000004   Code   RO         1134    i.HardFault_Handler  stm32f4xx_it.o
    0x08002e5e   0x08002e5e   0x00000002   PAD
    0x08002e60   0x08002e60   0x000000c0   Code   RO          736    i.IR_Host_AddModule  infrared_host.o
    0x08002f20   0x08002f20   0x00000034   Code   RO          740    i.IR_Host_ConfigCanFilter  infrared_host.o
    0x08002f54   0x08002f54   0x00000098   Code   RO          741    i.IR_Host_DiscoveryPhase  infrared_host.o
    0x08002fec   0x08002fec   0x00000054   Code   RO          742    i.IR_Host_FindModule  infrared_host.o
    0x08003040   0x08003040   0x00000054   Code   RO          743    i.IR_Host_ForceRediscover  infrared_host.o
    0x08003094   0x08003094   0x00000050   Code   RO          744    i.IR_Host_GetModuleByIndex  infrared_host.o
    0x080030e4   0x080030e4   0x0000000c   Code   RO          745    i.IR_Host_GetModuleCount  infrared_host.o
    0x080030f0   0x080030f0   0x00000040   Code   RO          747    i.IR_Host_GetOnlineCount  infrared_host.o
    0x08003130   0x08003130   0x0000000c   Code   RO          748    i.IR_Host_GetTaskState  infrared_host.o
    0x0800313c   0x0800313c   0x00000078   Code   RO          749    i.IR_Host_Handle    infrared_host.o
    0x080031b4   0x080031b4   0x00000050   Code   RO          750    i.IR_Host_Init      infrared_host.o
    0x08003204   0x08003204   0x00000094   Code   RO          752    i.IR_Host_Ping      infrared_host.o
    0x08003298   0x08003298   0x000000c4   Code   RO          753    i.IR_Host_PollModule  infrared_host.o
    0x0800335c   0x0800335c   0x0000007c   Code   RO          754    i.IR_Host_ProcessRxFrame  infrared_host.o
    0x080033d8   0x080033d8   0x0000011c   Code   RO          755    i.IR_Host_ProcessRxQueue  infrared_host.o
    0x080034f4   0x080034f4   0x0000008a   Code   RO          756    i.IR_Host_ReadStatus  infrared_host.o
    0x0800357e   0x0800357e   0x00000002   PAD
    0x08003580   0x08003580   0x00000050   Code   RO          757    i.IR_Host_Receive_DataFrame_Ocan  infrared_host.o
    0x080035d0   0x080035d0   0x000000b4   Code   RO          760    i.IR_Host_SendCommand  infrared_host.o
    0x08003684   0x08003684   0x0000001c   Code   RO          762    i.IR_Host_StartCan  infrared_host.o
    0x080036a0   0x080036a0   0x00000034   Code   RO          763    i.IR_Host_StartTask  infrared_host.o
    0x080036d4   0x080036d4   0x000001b8   Code   RO          764    i.IR_Host_Task      infrared_host.o
    0x0800388c   0x0800388c   0x0000006c   Code   RO          766    i.IR_Host_UpdateOnlineStatus  infrared_host.o
    0x080038f8   0x080038f8   0x00000038   Code   RO          767    i.IR_Test_StartTask  infrared_host.o
    0x08003930   0x08003930   0x00000170   Code   RO          768    i.IR_Test_Task      infrared_host.o
    0x08003aa0   0x08003aa0   0x0000003e   Code   RO         1317    i.IntToUnicode      usbd_desc.o
    0x08003ade   0x08003ade   0x00000002   PAD
    0x08003ae0   0x08003ae0   0x00000044   Code   RO         1081    i.MX_CAN1_Init      can.o
    0x08003b24   0x08003b24   0x00000044   Code   RO         1082    i.MX_CAN2_Init      can.o
    0x08003b68   0x08003b68   0x00000028   Code   RO         1036    i.MX_FREERTOS_Init  freertos.o
    0x08003b90   0x08003b90   0x00000064   Code   RO         1012    i.MX_GPIO_Init      gpio.o
    0x08003bf4   0x08003bf4   0x0000004c   Code   RO         1285    i.MX_USB_DEVICE_Init  usb_device.o
    0x08003c40   0x08003c40   0x00000004   Code   RO         1135    i.MemManage_Handler  stm32f4xx_it.o
    0x08003c44   0x08003c44   0x00000004   Code   RO         1136    i.NMI_Handler       stm32f4xx_it.o
    0x08003c48   0x08003c48   0x00000010   Code   RO         1137    i.OTG_FS_IRQHandler  stm32f4xx_it.o
    0x08003c58   0x08003c58   0x00000064   Code   RO         2695    i.PCD_EP_OutSetupPacket_int  stm32f4xx_hal_pcd.o
    0x08003cbc   0x08003cbc   0x00000144   Code   RO         2696    i.PCD_EP_OutXfrComplete_int  stm32f4xx_hal_pcd.o
    0x08003e00   0x08003e00   0x000000b6   Code   RO         2697    i.PCD_WriteEmptyTxFifo  stm32f4xx_hal_pcd.o
    0x08003eb6   0x08003eb6   0x00000024   Code   RO          529    i.RobStrideEnable   robstride2.o
    0x08003eda   0x08003eda   0x0000000e   Code   RO          531    i.RobStrideInit     robstride2.o
    0x08003ee8   0x08003ee8   0x00000032   Code   RO          536    i.RobStrideSend     robstride2.o
    0x08003f1a   0x08003f1a   0x00000036   Code   RO          540    i.RobStrideSetMode  robstride2.o
    0x08003f50   0x08003f50   0x00000012   Code   RO         6204    i.SWAPBYTE          usbd_ctlreq.o
    0x08003f62   0x08003f62   0x00000012   Code   RO         1037    i.StartDefaultTask  freertos.o
    0x08003f74   0x08003f74   0x00000034   Code   RO         5963    i.SysTick_Handler   port.o
    0x08003fa8   0x08003fa8   0x000000b4   Code   RO          957    i.SystemClock_Config  main.o
    0x0800405c   0x0800405c   0x00000014   Code   RO         4691    i.SystemInit        system_stm32f4xx.o
    0x08004070   0x08004070   0x00000010   Code   RO         1138    i.TIM8_TRG_COM_TIM14_IRQHandler  stm32f4xx_it.o
    0x08004080   0x08004080   0x000000e0   Code   RO         1771    i.TIM_Base_SetConfig  stm32f4xx_hal_tim.o
    0x08004160   0x08004160   0x00000074   Code   RO          290    i.Task_Init         task_init.o
    0x080041d4   0x080041d4   0x000000be   Code   RO         6367    i.USBD_CDC_DataIn   usbd_cdc.o
    0x08004292   0x08004292   0x00000048   Code   RO         6368    i.USBD_CDC_DataOut  usbd_cdc.o
    0x080042da   0x080042da   0x00000002   PAD
    0x080042dc   0x080042dc   0x000000d4   Code   RO         6369    i.USBD_CDC_DeInit   usbd_cdc.o
    0x080043b0   0x080043b0   0x00000050   Code   RO         6370    i.USBD_CDC_EP0_RxReady  usbd_cdc.o
    0x08004400   0x08004400   0x00000010   Code   RO         6371    i.USBD_CDC_GetDeviceQualifierDescriptor  usbd_cdc.o
    0x08004410   0x08004410   0x00000044   Code   RO         6372    i.USBD_CDC_GetFSCfgDesc  usbd_cdc.o
    0x08004454   0x08004454   0x00000048   Code   RO         6373    i.USBD_CDC_GetHSCfgDesc  usbd_cdc.o
    0x0800449c   0x0800449c   0x00000044   Code   RO         6374    i.USBD_CDC_GetOtherSpeedCfgDesc  usbd_cdc.o
    0x080044e0   0x080044e0   0x000001a0   Code   RO         6375    i.USBD_CDC_Init     usbd_cdc.o
    0x08004680   0x08004680   0x00000018   Code   RO         6377    i.USBD_CDC_RegisterInterface  usbd_cdc.o
    0x08004698   0x08004698   0x0000001e   Code   RO         6378    i.USBD_CDC_SetRxBuffer  usbd_cdc.o
    0x080046b6   0x080046b6   0x00000024   Code   RO         6379    i.USBD_CDC_SetTxBuffer  usbd_cdc.o
    0x080046da   0x080046da   0x00000140   Code   RO         6380    i.USBD_CDC_Setup    usbd_cdc.o
    0x0800481a   0x0800481a   0x0000001c   Code   RO         6042    i.USBD_ClrClassConfig  usbd_core.o
    0x08004836   0x08004836   0x0000003e   Code   RO         6205    i.USBD_ClrFeature   usbd_ctlreq.o
    0x08004874   0x08004874   0x00000006   Code   RO         6043    i.USBD_CoreFindEP   usbd_core.o
    0x0800487a   0x0800487a   0x00000006   Code   RO         6044    i.USBD_CoreFindIF   usbd_core.o
    0x08004880   0x08004880   0x00000018   Code   RO         6307    i.USBD_CtlContinueRx  usbd_ioreq.o
    0x08004898   0x08004898   0x00000018   Code   RO         6308    i.USBD_CtlContinueSendData  usbd_ioreq.o
    0x080048b0   0x080048b0   0x00000018   Code   RO         6206    i.USBD_CtlError     usbd_ctlreq.o
    0x080048c8   0x080048c8   0x0000002e   Code   RO         6309    i.USBD_CtlPrepareRx  usbd_ioreq.o
    0x080048f6   0x080048f6   0x0000001a   Code   RO         6310    i.USBD_CtlReceiveStatus  usbd_ioreq.o
    0x08004910   0x08004910   0x00000024   Code   RO         6311    i.USBD_CtlSendData  usbd_ioreq.o
    0x08004934   0x08004934   0x0000001a   Code   RO         6312    i.USBD_CtlSendStatus  usbd_ioreq.o
    0x0800494e   0x0800494e   0x00000002   PAD
    0x08004950   0x08004950   0x00000034   Code   RO         1318    i.USBD_FS_ConfigStrDescriptor  usbd_desc.o
    0x08004984   0x08004984   0x00000010   Code   RO         1319    i.USBD_FS_DeviceDescriptor  usbd_desc.o
    0x08004994   0x08004994   0x00000038   Code   RO         1320    i.USBD_FS_InterfaceStrDescriptor  usbd_desc.o
    0x080049cc   0x080049cc   0x00000010   Code   RO         1321    i.USBD_FS_LangIDStrDescriptor  usbd_desc.o
    0x080049dc   0x080049dc   0x0000002c   Code   RO         1322    i.USBD_FS_ManufacturerStrDescriptor  usbd_desc.o
    0x08004a08   0x08004a08   0x00000040   Code   RO         1323    i.USBD_FS_ProductStrDescriptor  usbd_desc.o
    0x08004a48   0x08004a48   0x00000018   Code   RO         1324    i.USBD_FS_SerialStrDescriptor  usbd_desc.o
    0x08004a60   0x08004a60   0x00000056   Code   RO         6207    i.USBD_GetConfig    usbd_ctlreq.o
    0x08004ab6   0x08004ab6   0x000001fc   Code   RO         6208    i.USBD_GetDescriptor  usbd_ctlreq.o
    0x08004cb2   0x08004cb2   0x00000050   Code   RO         6046    i.USBD_GetEpDesc    usbd_core.o
    0x08004d02   0x08004d02   0x00000016   Code   RO         6209    i.USBD_GetLen       usbd_ctlreq.o
    0x08004d18   0x08004d18   0x00000014   Code   RO         6047    i.USBD_GetNextDesc  usbd_core.o
    0x08004d2c   0x08004d2c   0x0000005a   Code   RO         6210    i.USBD_GetStatus    usbd_ctlreq.o
    0x08004d86   0x08004d86   0x00000068   Code   RO         6211    i.USBD_GetString    usbd_ctlreq.o
    0x08004dee   0x08004dee   0x0000002c   Code   RO         1482    i.USBD_Get_USB_Status  usbd_conf.o
    0x08004e1a   0x08004e1a   0x0000003a   Code   RO         6048    i.USBD_Init         usbd_core.o
    0x08004e54   0x08004e54   0x00000026   Code   RO         1483    i.USBD_LL_ClearStallEP  usbd_conf.o
    0x08004e7a   0x08004e7a   0x00000026   Code   RO         1484    i.USBD_LL_CloseEP   usbd_conf.o
    0x08004ea0   0x08004ea0   0x00000110   Code   RO         6049    i.USBD_LL_DataInStage  usbd_core.o
    0x08004fb0   0x08004fb0   0x0000010a   Code   RO         6050    i.USBD_LL_DataOutStage  usbd_core.o
    0x080050ba   0x080050ba   0x00000006   Code   RO         6051    i.USBD_LL_DevConnected  usbd_core.o
    0x080050c0   0x080050c0   0x00000026   Code   RO         6052    i.USBD_LL_DevDisconnected  usbd_core.o
    0x080050e6   0x080050e6   0x00000012   Code   RO         1488    i.USBD_LL_GetRxDataSize  usbd_conf.o
    0x080050f8   0x080050f8   0x00000068   Code   RO         1489    i.USBD_LL_Init      usbd_conf.o
    0x08005160   0x08005160   0x00000038   Code   RO         1490    i.USBD_LL_IsStallEP  usbd_conf.o
    0x08005198   0x08005198   0x00000048   Code   RO         6053    i.USBD_LL_IsoINIncomplete  usbd_core.o
    0x080051e0   0x080051e0   0x00000048   Code   RO         6054    i.USBD_LL_IsoOUTIncomplete  usbd_core.o
    0x08005228   0x08005228   0x00000030   Code   RO         1491    i.USBD_LL_OpenEP    usbd_conf.o
    0x08005258   0x08005258   0x00000030   Code   RO         1492    i.USBD_LL_PrepareReceive  usbd_conf.o
    0x08005288   0x08005288   0x0000006e   Code   RO         6055    i.USBD_LL_Reset     usbd_core.o
    0x080052f6   0x080052f6   0x00000016   Code   RO         6056    i.USBD_LL_Resume    usbd_core.o
    0x0800530c   0x0800530c   0x00000028   Code   RO         6057    i.USBD_LL_SOF       usbd_core.o
    0x08005334   0x08005334   0x00000008   Code   RO         6058    i.USBD_LL_SetSpeed  usbd_core.o
    0x0800533c   0x0800533c   0x00000026   Code   RO         1493    i.USBD_LL_SetUSBAddress  usbd_conf.o
    0x08005362   0x08005362   0x00000076   Code   RO         6059    i.USBD_LL_SetupStage  usbd_core.o
    0x080053d8   0x080053d8   0x00000026   Code   RO         1494    i.USBD_LL_StallEP   usbd_conf.o
    0x080053fe   0x080053fe   0x0000001e   Code   RO         1495    i.USBD_LL_Start     usbd_conf.o
    0x0800541c   0x0800541c   0x0000001c   Code   RO         6060    i.USBD_LL_Suspend   usbd_core.o
    0x08005438   0x08005438   0x00000030   Code   RO         1497    i.USBD_LL_Transmit  usbd_conf.o
    0x08005468   0x08005468   0x00000036   Code   RO         6212    i.USBD_ParseSetupRequest  usbd_ctlreq.o
    0x0800549e   0x0800549e   0x00000048   Code   RO         6061    i.USBD_RegisterClass  usbd_core.o
    0x080054e6   0x080054e6   0x00000006   Code   RO         6062    i.USBD_RunTestMode  usbd_core.o
    0x080054ec   0x080054ec   0x0000005a   Code   RO         6213    i.USBD_SetAddress   usbd_ctlreq.o
    0x08005546   0x08005546   0x00000020   Code   RO         6063    i.USBD_SetClassConfig  usbd_core.o
    0x08005566   0x08005566   0x00000002   PAD
    0x08005568   0x08005568   0x00000104   Code   RO         6214    i.USBD_SetConfig    usbd_ctlreq.o
    0x0800566c   0x0800566c   0x00000038   Code   RO         6215    i.USBD_SetFeature   usbd_ctlreq.o
    0x080056a4   0x080056a4   0x0000000c   Code   RO         6064    i.USBD_Start        usbd_core.o
    0x080056b0   0x080056b0   0x000000ae   Code   RO         6216    i.USBD_StdDevReq    usbd_ctlreq.o
    0x0800575e   0x0800575e   0x00000284   Code   RO         6217    i.USBD_StdEPReq     usbd_ctlreq.o
    0x080059e2   0x080059e2   0x000000ae   Code   RO         6218    i.USBD_StdItfReq    usbd_ctlreq.o
    0x08005a90   0x08005a90   0x00000002   Code   RO         1498    i.USBD_static_free  usbd_conf.o
    0x08005a92   0x08005a92   0x00000002   PAD
    0x08005a94   0x08005a94   0x0000000c   Code   RO         1499    i.USBD_static_malloc  usbd_conf.o
    0x08005aa0   0x08005aa0   0x000000d0   Code   RO         2946    i.USB_ActivateEndpoint  stm32f4xx_ll_usb.o
    0x08005b70   0x08005b70   0x00000028   Code   RO         2948    i.USB_ActivateSetup  stm32f4xx_ll_usb.o
    0x08005b98   0x08005b98   0x0000008c   Code   RO         2950    i.USB_CoreInit      stm32f4xx_ll_usb.o
    0x08005c24   0x08005c24   0x00000062   Code   RO         2951    i.USB_CoreReset     stm32f4xx_ll_usb.o
    0x08005c86   0x08005c86   0x00000002   PAD
    0x08005c88   0x08005c88   0x0000014c   Code   RO         2954    i.USB_DeactivateEndpoint  stm32f4xx_ll_usb.o
    0x08005dd4   0x08005dd4   0x00000024   Code   RO         2955    i.USB_DevConnect    stm32f4xx_ll_usb.o
    0x08005df8   0x08005df8   0x00000024   Code   RO         2956    i.USB_DevDisconnect  stm32f4xx_ll_usb.o
    0x08005e1c   0x08005e1c   0x000001e8   Code   RO         2957    i.USB_DevInit       stm32f4xx_ll_usb.o
    0x08006004   0x08006004   0x0000000e   Code   RO         2958    i.USB_DisableGlobalInt  stm32f4xx_ll_usb.o
    0x08006012   0x08006012   0x00000002   PAD
    0x08006014   0x08006014   0x00000070   Code   RO         2961    i.USB_EP0_OutStart  stm32f4xx_ll_usb.o
    0x08006084   0x08006084   0x0000008e   Code   RO         2962    i.USB_EPClearStall  stm32f4xx_ll_usb.o
    0x08006112   0x08006112   0x0000009a   Code   RO         2963    i.USB_EPSetStall    stm32f4xx_ll_usb.o
    0x080061ac   0x080061ac   0x000003c0   Code   RO         2964    i.USB_EPStartXfer   stm32f4xx_ll_usb.o
    0x0800656c   0x0800656c   0x000000ec   Code   RO         2965    i.USB_EPStopXfer    stm32f4xx_ll_usb.o
    0x08006658   0x08006658   0x0000000e   Code   RO         2966    i.USB_EnableGlobalInt  stm32f4xx_ll_usb.o
    0x08006666   0x08006666   0x00000050   Code   RO         2967    i.USB_FlushRxFifo   stm32f4xx_ll_usb.o
    0x080066b6   0x080066b6   0x00000054   Code   RO         2968    i.USB_FlushTxFifo   stm32f4xx_ll_usb.o
    0x0800670a   0x0800670a   0x00000026   Code   RO         2970    i.USB_GetDevSpeed   stm32f4xx_ll_usb.o
    0x08006730   0x08006730   0x0000000a   Code   RO         2972    i.USB_GetMode       stm32f4xx_ll_usb.o
    0x0800673a   0x0800673a   0x00000014   Code   RO         2980    i.USB_ReadDevAllInEpInterrupt  stm32f4xx_ll_usb.o
    0x0800674e   0x0800674e   0x00000014   Code   RO         2981    i.USB_ReadDevAllOutEpInterrupt  stm32f4xx_ll_usb.o
    0x08006762   0x08006762   0x00000032   Code   RO         2982    i.USB_ReadDevInEPInterrupt  stm32f4xx_ll_usb.o
    0x08006794   0x08006794   0x0000001a   Code   RO         2983    i.USB_ReadDevOutEPInterrupt  stm32f4xx_ll_usb.o
    0x080067ae   0x080067ae   0x0000000a   Code   RO         2984    i.USB_ReadInterrupts  stm32f4xx_ll_usb.o
    0x080067b8   0x080067b8   0x00000060   Code   RO         2985    i.USB_ReadPacket    stm32f4xx_ll_usb.o
    0x08006818   0x08006818   0x00000068   Code   RO         2987    i.USB_SetCurrentMode  stm32f4xx_ll_usb.o
    0x08006880   0x08006880   0x0000002a   Code   RO         2988    i.USB_SetDevAddress  stm32f4xx_ll_usb.o
    0x080068aa   0x080068aa   0x00000012   Code   RO         2989    i.USB_SetDevSpeed   stm32f4xx_ll_usb.o
    0x080068bc   0x080068bc   0x000000e8   Code   RO         2990    i.USB_SetTurnaroundTime  stm32f4xx_ll_usb.o
    0x080069a4   0x080069a4   0x00000044   Code   RO         2993    i.USB_WritePacket   stm32f4xx_ll_usb.o
    0x080069e8   0x080069e8   0x00000004   Code   RO         1139    i.UsageFault_Handler  stm32f4xx_it.o
    0x080069ec   0x080069ec   0x00000010   Code   RO         4061    i.__NVIC_GetPriorityGrouping  stm32f4xx_hal_cortex.o
    0x080069fc   0x080069fc   0x00000028   Code   RO         4062    i.__NVIC_SetPriority  stm32f4xx_hal_cortex.o
    0x08006a24   0x08006a24   0x0000002e   Code   RO          958    i.main              main.o
    0x08006a52   0x08006a52   0x0000000e   Code   RO         5528    i.makeFreeRtosPriority  cmsis_os.o
    0x08006a60   0x08006a60   0x00000018   Code   RO         5530    i.osDelay           cmsis_os.o
    0x08006a78   0x08006a78   0x0000000a   Code   RO         5533    i.osKernelStart     cmsis_os.o
    0x08006a82   0x08006a82   0x0000005e   Code   RO         5567    i.osThreadCreate    cmsis_os.o
    0x08006ae0   0x08006ae0   0x00000098   Code   RO         5193    i.prvAddCurrentTaskToDelayedList  tasks.o
    0x08006b78   0x08006b78   0x000000b4   Code   RO         5194    i.prvAddNewTaskToReadyList  tasks.o
    0x08006c2c   0x08006c2c   0x00000048   Code   RO         5195    i.prvCheckTasksWaitingTermination  tasks.o
    0x08006c74   0x08006c74   0x0000002a   Code   RO         4862    i.prvCopyDataFromQueue  queue.o
    0x08006c9e   0x08006c9e   0x0000007e   Code   RO         4863    i.prvCopyDataToQueue  queue.o
    0x08006d1c   0x08006d1c   0x00000050   Code   RO         5196    i.prvDeleteTCB      tasks.o
    0x08006d6c   0x08006d6c   0x00000014   Code   RO         4864    i.prvGetDisinheritPriorityAfterTimeout  queue.o
    0x08006d80   0x08006d80   0x0000007c   Code   RO         5895    i.prvHeapInit       heap_4.o
    0x08006dfc   0x08006dfc   0x00000028   Code   RO         5197    i.prvIdleTask       tasks.o
    0x08006e24   0x08006e24   0x0000001e   Code   RO         4865    i.prvInitialiseMutex  queue.o
    0x08006e42   0x08006e42   0x00000026   Code   RO         4866    i.prvInitialiseNewQueue  queue.o
    0x08006e68   0x08006e68   0x000000b4   Code   RO         5198    i.prvInitialiseNewTask  tasks.o
    0x08006f1c   0x08006f1c   0x00000068   Code   RO         5199    i.prvInitialiseTaskLists  tasks.o
    0x08006f84   0x08006f84   0x00000068   Code   RO         5896    i.prvInsertBlockIntoFreeList  heap_4.o
    0x08006fec   0x08006fec   0x0000001a   Code   RO         4867    i.prvIsQueueEmpty   queue.o
    0x08007006   0x08007006   0x0000001e   Code   RO         4868    i.prvIsQueueFull    queue.o
    0x08007024   0x08007024   0x00000034   Code   RO         5200    i.prvResetNextTaskUnblockTime  tasks.o
    0x08007058   0x08007058   0x00000040   Code   RO         5964    i.prvTaskExitError  port.o
    0x08007098   0x08007098   0x0000007e   Code   RO         4869    i.prvUnlockQueue    queue.o
    0x08007116   0x08007116   0x00000002   PAD
    0x08007118   0x08007118   0x0000014c   Code   RO         5897    i.pvPortMalloc      heap_4.o
    0x08007264   0x08007264   0x00000020   Code   RO         5202    i.pvTaskIncrementMutexHeldCount  tasks.o
    0x08007284   0x08007284   0x0000002c   Code   RO         5965    i.pxPortInitialiseStack  port.o
    0x080072b0   0x080072b0   0x00000028   Code   RO         4822    i.uxListRemove      list.o
    0x080072d8   0x080072d8   0x00000018   Code   RO         1038    i.vApplicationGetIdleTaskMemory  freertos.o
    0x080072f0   0x080072f0   0x0000001a   Code   RO         4823    i.vListInitialise   list.o
    0x0800730a   0x0800730a   0x00000006   Code   RO         4824    i.vListInitialiseItem  list.o
    0x08007310   0x08007310   0x00000034   Code   RO         4825    i.vListInsert       list.o
    0x08007344   0x08007344   0x00000018   Code   RO         4826    i.vListInsertEnd    list.o
    0x0800735c   0x0800735c   0x00000054   Code   RO         5967    i.vPortEnterCritical  port.o
    0x080073b0   0x080073b0   0x0000003c   Code   RO         5968    i.vPortExitCritical  port.o
    0x080073ec   0x080073ec   0x000000a4   Code   RO         5898    i.vPortFree         heap_4.o
    0x08007490   0x08007490   0x00000028   Code   RO         5969    i.vPortSetupTimerInterrupt  port.o
    0x080074b8   0x080074b8   0x00000078   Code   RO         5970    i.vPortValidateInterruptPriority  port.o
    0x08007530   0x08007530   0x0000005c   Code   RO         5209    i.vTaskDelay        tasks.o
    0x0800758c   0x0800758c   0x00000018   Code   RO         5213    i.vTaskInternalSetTimeOutState  tasks.o
    0x080075a4   0x080075a4   0x0000000c   Code   RO         5214    i.vTaskMissedYield  tasks.o
    0x080075b0   0x080075b0   0x00000038   Code   RO         5216    i.vTaskPlaceOnEventList  tasks.o
    0x080075e8   0x080075e8   0x000000e4   Code   RO         5218    i.vTaskPriorityDisinheritAfterTimeout  tasks.o
    0x080076cc   0x080076cc   0x000000b0   Code   RO         5223    i.vTaskStartScheduler  tasks.o
    0x0800777c   0x0800777c   0x00000010   Code   RO         5225    i.vTaskSuspendAll   tasks.o
    0x0800778c   0x0800778c   0x0000008c   Code   RO         5226    i.vTaskSwitchContext  tasks.o
    0x08007818   0x08007818   0x00000168   Code   RO         5971    i.xPortStartScheduler  port.o
    0x08007980   0x08007980   0x00000022   Code   RO         4876    i.xQueueCreateMutex  queue.o
    0x080079a2   0x080079a2   0x0000005a   Code   RO         4878    i.xQueueGenericCreate  queue.o
    0x080079fc   0x080079fc   0x00000098   Code   RO         4880    i.xQueueGenericReset  queue.o
    0x08007a94   0x08007a94   0x000001a8   Code   RO         4881    i.xQueueGenericSend  queue.o
    0x08007c3c   0x08007c3c   0x000000fc   Code   RO         4882    i.xQueueGenericSendFromISR  queue.o
    0x08007d38   0x08007d38   0x00000168   Code   RO         4888    i.xQueueReceive     queue.o
    0x08007ea0   0x08007ea0   0x000001b8   Code   RO         4890    i.xQueueSemaphoreTake  queue.o
    0x08008058   0x08008058   0x0000008c   Code   RO         5228    i.xTaskCheckForTimeOut  tasks.o
    0x080080e4   0x080080e4   0x00000064   Code   RO         5229    i.xTaskCreate       tasks.o
    0x08008148   0x08008148   0x000000ba   Code   RO         5230    i.xTaskCreateStatic  tasks.o
    0x08008202   0x08008202   0x00000002   PAD
    0x08008204   0x08008204   0x00000020   Code   RO         5234    i.xTaskGetSchedulerState  tasks.o
    0x08008224   0x08008224   0x0000000c   Code   RO         5235    i.xTaskGetTickCount  tasks.o
    0x08008230   0x08008230   0x00000014   Code   RO         5236    i.xTaskGetTickCountFromISR  tasks.o
    0x08008244   0x08008244   0x00000148   Code   RO         5237    i.xTaskIncrementTick  tasks.o
    0x0800838c   0x0800838c   0x000000c8   Code   RO         5240    i.xTaskPriorityDisinherit  tasks.o
    0x08008454   0x08008454   0x000000b8   Code   RO         5241    i.xTaskPriorityInherit  tasks.o
    0x0800850c   0x0800850c   0x00000098   Code   RO         5242    i.xTaskRemoveFromEventList  tasks.o
    0x080085a4   0x080085a4   0x00000104   Code   RO         5243    i.xTaskResumeAll    tasks.o
    0x080086a8   0x080086a8   0x0000000a   Code   RO         6615    x$fpl$fpinit        fz_wm.l(fpinit.o)
    0x080086b2   0x080086b2   0x00000002   PAD
    0x080086b4   0x080086b4   0x0000001c   Data   RO         1040    .constdata          freertos.o
    0x080086d0   0x080086d0   0x00000018   Data   RO         4692    .constdata          system_stm32f4xx.o
    0x080086e8   0x080086e8   0x0000000c   Data   RO         1041    .conststring        freertos.o
    0x080086f4   0x080086f4   0x00000020   Data   RO         6673    Region$$Table       anon$$obj.o


    Execution Region RW_IRAM1 (Exec base: 0x20000000, Load base: 0x08008714, Size: 0x00006500, Max: 0x0001c000, ABSOLUTE, COMPRESSED[0x000000dc])

    Exec Addr    Load Addr    Size         Type   Attr      Idx    E Section Name        Object

    0x20000000   COMPRESSED   0x000000ae   Data   RW           20    .data               run.o
    0x200000ae   COMPRESSED   0x00000002   PAD
    0x200000b0   COMPRESSED   0x00000020   Data   RW          690    .data               usb_trans.o
    0x200000d0   COMPRESSED   0x00000009   Data   RW          770    .data               infrared_host.o
    0x200000d9   COMPRESSED   0x00000003   PAD
    0x200000dc   COMPRESSED   0x00000005   Data   RW          959    .data               main.o
    0x200000e1   COMPRESSED   0x00000003   PAD
    0x200000e4   COMPRESSED   0x00000004   Data   RW         1042    .data               freertos.o
    0x200000e8   COMPRESSED   0x00000004   Data   RW         1084    .data               can.o
    0x200000ec   COMPRESSED   0x0000004e   Data   RW         1326    .data               usbd_desc.o
    0x2000013a   COMPRESSED   0x00000002   PAD
    0x2000013c   COMPRESSED   0x00000014   Data   RW         1413    .data               usbd_cdc_if.o
    0x20000150   COMPRESSED   0x00000009   Data   RW         4225    .data               stm32f4xx_hal.o
    0x20000159   COMPRESSED   0x00000003   PAD
    0x2000015c   COMPRESSED   0x00000004   Data   RW         4693    .data               system_stm32f4xx.o
    0x20000160   COMPRESSED   0x0000003c   Data   RW         5246    .data               tasks.o
    0x2000019c   COMPRESSED   0x00000020   Data   RW         5904    .data               heap_4.o
    0x200001bc   COMPRESSED   0x0000000c   Data   RW         5972    .data               port.o
    0x200001c8   COMPRESSED   0x00000001   Data   RW         6219    .data               usbd_ctlreq.o
    0x200001c9   COMPRESSED   0x00000003   PAD
    0x200001cc   COMPRESSED   0x0000008a   Data   RW         6382    .data               usbd_cdc.o
    0x20000256   COMPRESSED   0x00000002   PAD
    0x20000258        -       0x0000008c   Zero   RW          769    .bss                infrared_host.o
    0x200002e4        -       0x00000254   Zero   RW         1039    .bss                freertos.o
    0x20000538        -       0x00000050   Zero   RW         1083    .bss                can.o
    0x20000588        -       0x00000048   Zero   RW         1249    .bss                stm32f4xx_hal_timebase_tim.o
    0x200005d0        -       0x000002dc   Zero   RW         1286    .bss                usb_device.o
    0x200008ac        -       0x00000200   Zero   RW         1325    .bss                usbd_desc.o
    0x20000aac        -       0x00001000   Zero   RW         1412    .bss                usbd_cdc_if.o
    0x20001aac        -       0x00000704   Zero   RW         1500    .bss                usbd_conf.o
    0x200021b0        -       0x000000f0   Zero   RW         5245    .bss                tasks.o
    0x200022a0        -       0x00003c00   Zero   RW         5903    .bss                heap_4.o
    0x20005ea0        -       0x00000060   Zero   RW         6545    .bss                c_w.l(libspace.o)
    0x20005f00        -       0x00000200   Zero   RW            2    HEAP                startup_stm32f407xx.o
    0x20006100        -       0x00000400   Zero   RW            1    STACK               startup_stm32f407xx.o


    Execution Region RW_IRAM2 (Exec base: 0x2001c000, Load base: 0x080087f0, Size: 0x00000000, Max: 0x00004000, ABSOLUTE)

    **** No section assigned to this execution region ****


==============================================================================

Image component sizes


      Code (inc. data)   RO Data    RW Data    ZI Data      Debug   Object Name

       520         42          0          4         80       2574   can.o
       144         14          0          0          0      12773   candrive.o
       142          0          0          0          0      23287   cmsis_os.o
         0          0          0          0          0      18656   event_groups.o
        82         20         40          4        596       2704   freertos.o
       100          4          0          0          0        899   gpio.o
       724         74          0         32      15360       7611   heap_4.o
      3134        154          0          9        140      22193   infrared_host.o
       148          0          0          0          0       3734   list.o
       282         22          0          5          0      10143   main.o
      1014         92          0         12          0      12321   port.o
      2190         20          0          0          0      19260   queue.o
       154          0          0          0          0       4517   robstride2.o
        80         16          0        174          0     741669   run.o
        64         26        392          0       1536        868   startup_stm32f407xx.o
       136         24          0          9          0       8898   stm32f4xx_hal.o
      2144          4          0          0          0      14871   stm32f4xx_hal_can.o
       260         22          0          0          0      33730   stm32f4xx_hal_cortex.o
       500         46          0          0          0       1500   stm32f4xx_hal_gpio.o
        84          6          0          0          0        910   stm32f4xx_hal_msp.o
      3562         16          0          0          0      14188   stm32f4xx_hal_pcd.o
        90          0          0          0          0       2533   stm32f4xx_hal_pcd_ex.o
      1856         84          0          0          0       5878   stm32f4xx_hal_rcc.o
       868         76          0          0          0       6838   stm32f4xx_hal_tim.o
         4          0          0          0          0       1673   stm32f4xx_hal_tim_ex.o
       180         20          0          0         72       1544   stm32f4xx_hal_timebase_tim.o
       118         36          0          0          0       6115   stm32f4xx_it.o
      3908         84          0          0          0      23612   stm32f4xx_ll_usb.o
        20          6         24          4          0       1199   system_stm32f4xx.o
       116         14          0          0          0        556   task_init.o
      3250        380          0         60        240      30504   tasks.o
        76         16          0          0        732        828   usb_device.o
        52         10          0         32          0       2416   usb_trans.o
      1604         42          0        138          0      13102   usbd_cdc.o
       138         12          0         20       4096       3710   usbd_cdc_if.o
      1004         24          0          0       1796      18308   usbd_conf.o
      1372          0          0          0          0      17125   usbd_core.o
      2366         30          0          1          0      18288   usbd_ctlreq.o
       386        122          0         78        512       7161   usbd_desc.o
       182          0          0          0          0       4892   usbd_ioreq.o

    ----------------------------------------------------------------------
     33094       1558        488        600      25160    1123588   Object Totals
         0          0         32          0          0          0   (incl. Generated)
        40          0          0         18          0          0   (incl. Padding)

    ----------------------------------------------------------------------

      Code (inc. data)   RO Data    RW Data    ZI Data      Debug   Library Member Name

        90          0          0          0          0          0   __dczerorl2.o
         8          0          0          0          0         68   __main.o
         0          0          0          0          0          0   __rtentry.o
        12          0          0          0          0          0   __rtentry2.o
         6          0          0          0          0          0   __rtentry4.o
        52          8          0          0          0          0   __scatter.o
        28          0          0          0          0          0   __scatter_zi.o
        18          0          0          0          0         80   exit.o
         6          0          0          0          0        152   heapauxi.o
         0          0          0          0          0          0   indicate_semi.o
         2          0          0          0          0          0   libinit.o
         6          0          0          0          0          0   libinit2.o
         2          0          0          0          0          0   libshutdown.o
         2          0          0          0          0          0   libshutdown2.o
         8          4          0          0         96         68   libspace.o
       238          0          0          0          0        100   lludivv7m.o
        88          0          0          0          0         76   memcmp.o
        78          0          0          0          0         80   rt_memclr_w.o
       138          0          0          0          0         68   rt_memcpy_v6.o
       100          0          0          0          0         80   rt_memcpy_w.o
         2          0          0          0          0          0   rtexit.o
        10          0          0          0          0          0   rtexit2.o
        12          4          0          0          0         68   sys_exit.o
        74          0          0          0          0         80   sys_stackheap_outer.o
         2          0          0          0          0         68   use_no_semi.o
        10          0          0          0          0        116   fpinit.o

    ----------------------------------------------------------------------
       998         16          0          0         96       1104   Library Totals
         6          0          0          0          0          0   (incl. Padding)

    ----------------------------------------------------------------------

      Code (inc. data)   RO Data    RW Data    ZI Data      Debug   Library Name

       982         16          0          0         96        988   c_w.l
        10          0          0          0          0        116   fz_wm.l

    ----------------------------------------------------------------------
       998         16          0          0         96       1104   Library Totals

    ----------------------------------------------------------------------

==============================================================================


      Code (inc. data)   RO Data    RW Data    ZI Data      Debug   

     34092       1574        488        600      25256    1093476   Grand Totals
     34092       1574        488        220      25256    1093476   ELF Image Totals (compressed)
     34092       1574        488        220          0          0   ROM Totals

==============================================================================

    Total RO  Size (Code + RO Data)                34580 (  33.77kB)
    Total RW  Size (RW Data + ZI Data)             25856 (  25.25kB)
    Total ROM Size (Code + RO Data + RW Data)      34800 (  33.98kB)

==============================================================================

